17:26:05 **** Incremental Build of configuration Debug for project Home_Task ****
Info: Internal Builder is used for build
arm-atollic-eabi-gcc -c -mthumb -mcpu=cortex-m4 -mfloat-abi=hard -mfpu=fpv4-sp-d16 -std=gnu11 -D__weak=__attribute__((weak)) -D__packed=__attribute__((__packed__)) -DUSE_HAL_DRIVER -DSTM32L452xx -I../../../Inc -I../../../Drivers/STM32L4xx_HAL_Driver/Inc -I../../../Drivers/STM32L4xx_HAL_Driver/Inc/Legacy -I../../../Middlewares/Third_Party/FreeRTOS/Source/include -I../../../Middlewares/Third_Party/FreeRTOS/Source/CMSIS_RTOS -I../../../Middlewares/Third_Party/FreeRTOS/Source/portable/GCC/ARM_CM4F -I../../../Drivers/CMSIS/Device/ST/STM32L4xx/Include -I../../../Drivers/CMSIS/Include -I../../../Drivers/BSP/Components/lsm6dso/ -I../../../Drivers/BSP/Components/lis2dw12/ -I../../../Drivers/BSP/Components/lis2mdl/ -I../../../Drivers/BSP/Components/hts221/ -I../../../Drivers/BSP/Components/lps22hh/ -I../../../Drivers/BSP/Components/stts751/ -I../../../Drivers/BSP/IKS01A3/ -I../../../Drivers/BSP/Components/Common/ -O0 -ffunction-sections -fdata-sections -g -fstack-usage -Wall -specs=nano.specs -o Application\User\main.o ..\..\..\Src\main.c 
arm-atollic-eabi-gcc -o Home_Task.elf Application\TrueSTUDIO\startup_stm32l452xx.o Application\TrueSTUDIO\syscalls.o Application\User\app_x-cube-mems1.o Application\User\freertos.o Application\User\main.o Application\User\stm32l4xx_hal_msp.o Application\User\stm32l4xx_hal_timebase_tim.o Application\User\stm32l4xx_it.o Application\User\stm32l4xx_nucleo_bus.o Drivers\BSP\Components\hts221.o Drivers\BSP\Components\hts221_reg.o Drivers\BSP\Components\lis2dw12.o Drivers\BSP\Components\lis2dw12_reg.o Drivers\BSP\Components\lis2mdl.o Drivers\BSP\Components\lis2mdl_reg.o Drivers\BSP\Components\lps22hh.o Drivers\BSP\Components\lps22hh_reg.o Drivers\BSP\Components\lsm6dso.o Drivers\BSP\Components\lsm6dso_reg.o Drivers\BSP\Components\stts751.o Drivers\BSP\Components\stts751_reg.o Drivers\BSP\IKS01A3\iks01a3_env_sensors.o Drivers\BSP\IKS01A3\iks01a3_env_sensors_ex.o Drivers\BSP\IKS01A3\iks01a3_motion_sensors.o Drivers\BSP\IKS01A3\iks01a3_motion_sensors_ex.o Drivers\CMSIS\system_stm32l4xx.o Drivers\STM32L4xx_HAL_Driver\stm32l4xx_hal.o Drivers\STM32L4xx_HAL_Driver\stm32l4xx_hal_cortex.o Drivers\STM32L4xx_HAL_Driver\stm32l4xx_hal_dma.o Drivers\STM32L4xx_HAL_Driver\stm32l4xx_hal_dma_ex.o Drivers\STM32L4xx_HAL_Driver\stm32l4xx_hal_exti.o Drivers\STM32L4xx_HAL_Driver\stm32l4xx_hal_flash.o Drivers\STM32L4xx_HAL_Driver\stm32l4xx_hal_flash_ex.o Drivers\STM32L4xx_HAL_Driver\stm32l4xx_hal_flash_ramfunc.o Drivers\STM32L4xx_HAL_Driver\stm32l4xx_hal_gpio.o Drivers\STM32L4xx_HAL_Driver\stm32l4xx_hal_i2c.o Drivers\STM32L4xx_HAL_Driver\stm32l4xx_hal_i2c_ex.o Drivers\STM32L4xx_HAL_Driver\stm32l4xx_hal_pwr.o Drivers\STM32L4xx_HAL_Driver\stm32l4xx_hal_pwr_ex.o Drivers\STM32L4xx_HAL_Driver\stm32l4xx_hal_rcc.o Drivers\STM32L4xx_HAL_Driver\stm32l4xx_hal_rcc_ex.o Drivers\STM32L4xx_HAL_Driver\stm32l4xx_hal_tim.o Drivers\STM32L4xx_HAL_Driver\stm32l4xx_hal_tim_ex.o Drivers\STM32L4xx_HAL_Driver\stm32l4xx_hal_uart.o Drivers\STM32L4xx_HAL_Driver\stm32l4xx_hal_uart_ex.o Middlewares\FreeRTOS\cmsis_os.o Middlewares\FreeRTOS\croutine.o Middlewares\FreeRTOS\event_groups.o Middlewares\FreeRTOS\heap_4.o Middlewares\FreeRTOS\list.o Middlewares\FreeRTOS\port.o Middlewares\FreeRTOS\queue.o Middlewares\FreeRTOS\stream_buffer.o Middlewares\FreeRTOS\tasks.o Middlewares\FreeRTOS\timers.o -mthumb -mcpu=cortex-m4 -mfloat-abi=hard -mfpu=fpv4-sp-d16 -T../STM32L452RE_FLASH.ld -specs=nosys.specs -static -Wl,-Map=Home_Task.map -Wl,--gc-sections -Wl,--defsym=malloc_getpagesize_P=0x80 -Wl,--start-group -lc -lm -Wl,--end-group -specs=nano.specs 
C:\Program Files (x86)\Atollic\TrueSTUDIO for STM32 9.3.0\ide\jre\bin\java -jar C:\Program Files (x86)\Atollic\TrueSTUDIO for STM32 9.3.0\Tools\arm-atollic-reports.jar sizeinfo list Home_Task.elf 
Generate build reports...
Print size information
   text	   data	    bss	    dec	    hex	filename
  42824	    336	  32432	  75592	  12748	Home_Task.elf
Print size information done
Generate listing file
Output sent to: Home_Task.list
Generate listing file done
Generate build reports done
arm-atollic-eabi-objcopy.exe -O ihex Home_Task.elf Home_Task.hex 

17:26:06 Build Finished (took 1s.316ms)

