lis2mdl.c:99:9:LIS2MDL_RegisterBusIO	24	static
lis2mdl.c:167:9:LIS2MDL_Init	16	static
lis2mdl.c:203:9:LIS2MDL_DeInit	16	static
lis2mdl.c:222:9:LIS2MDL_ReadID	16	static
lis2mdl.c:238:9:LIS2MDL_GetCapabilities	16	static
lis2mdl.c:261:9:LIS2MDL_MAG_Enable	16	static
lis2mdl.c:285:9:LIS2MDL_MAG_Disable	16	static
lis2mdl.c:310:9:LIS2MDL_MAG_GetSensitivity	16	static
lis2mdl.c:323:9:LIS2MDL_MAG_GetOutputDataRate	24	static
lis2mdl.c:366:9:LIS2MDL_MAG_SetOutputDataRate	24	static
lis2mdl.c:390:9:LIS2MDL_MAG_GetFullScale	16	static
lis2mdl.c:403:9:LIS2MDL_MAG_SetFullScale	16	static
lis2mdl.c:414:9:LIS2MDL_MAG_GetAxesRaw	24	static
lis2mdl.c:438:9:LIS2MDL_MAG_GetAxes	32	static
lis2mdl.c:467:9:LIS2MDL_Read_Reg	24	static
lis2mdl.c:484:9:LIS2MDL_Write_Reg	16	static
lis2mdl.c:500:9:LIS2MDL_MAG_Set_SelfTest	16	static
lis2mdl.c:516:9:LIS2MDL_MAG_Get_DRDY_Status	16	static
lis2mdl.c:532:9:LIS2MDL_MAG_Get_Init_Status	16	static
lis2mdl.c:550:9:LIS2MDL_MAG_Set_Filter_Mode	16	static
lis2mdl.c:566:9:LIS2MDL_MAG_Set_Power_Mode	16	static
lis2mdl.c:592:16:ReadMagRegWrap	40	static
lis2mdl.c:616:16:WriteMagRegWrap	40	static
