lis2dw12.c:102:9:LIS2DW12_RegisterBusIO	24	static
lis2dw12.c:159:9:LIS2DW12_Init	16	static
lis2dw12.c:215:9:LIS2DW12_DeInit	16	static
lis2dw12.c:241:9:LIS2DW12_ReadID	16	static
lis2dw12.c:257:9:LIS2DW12_GetCapabilities	16	static
lis2dw12.c:280:9:LIS2DW12_ACC_Enable	16	static
lis2dw12.c:304:9:LIS2DW12_ACC_Disable	16	static
lis2dw12.c:329:9:LIS2DW12_ACC_GetSensitivity	24	static
lis2dw12.c:432:9:LIS2DW12_ACC_GetOutputDataRate	24	static
lis2dw12.c:629:9:LIS2DW12_ACC_SetOutputDataRate	16	static
lis2dw12.c:643:9:LIS2DW12_ACC_SetOutputDataRate_With_Mode	24	static
lis2dw12.c:662:9:LIS2DW12_ACC_GetFullScale	24	static
lis2dw12.c:706:9:LIS2DW12_ACC_SetFullScale	24	static
lis2dw12.c:731:9:LIS2DW12_ACC_GetAxesRaw	32	static
lis2dw12.c:795:9:LIS2DW12_ACC_GetAxes	32	static
lis2dw12.c:827:9:LIS2DW12_Read_Reg	24	static
lis2dw12.c:844:9:LIS2DW12_Write_Reg	16	static
lis2dw12.c:860:9:LIS2DW12_Set_Interrupt_Latch	16	static
lis2dw12.c:880:9:LIS2DW12_ACC_Enable_DRDY_Interrupt	24	static
lis2dw12.c:907:9:LIS2DW12_ACC_Disable_DRDY_Interrupt	24	static
lis2dw12.c:930:9:LIS2DW12_ACC_Set_Filter_Mode	16	static
lis2dw12.c:945:9:LIS2DW12_ACC_Enable_Wake_Up_Detection	24	static
lis2dw12.c:994:9:LIS2DW12_ACC_Disable_Wake_Up_Detection	32	static
lis2dw12.c:1056:9:LIS2DW12_ACC_Set_Wake_Up_Threshold	16	static
lis2dw12.c:1073:9:LIS2DW12_ACC_Set_Wake_Up_Duration	16	static
lis2dw12.c:1089:9:LIS2DW12_ACC_Enable_Inactivity_Detection	24	static
lis2dw12.c:1138:9:LIS2DW12_ACC_Disable_Inactivity_Detection	32	static
lis2dw12.c:1200:9:LIS2DW12_ACC_Set_Sleep_Duration	16	static
lis2dw12.c:1216:9:LIS2DW12_ACC_Enable_6D_Orientation	24	static
lis2dw12.c:1260:9:LIS2DW12_ACC_Disable_6D_Orientation	32	static
lis2dw12.c:1316:9:LIS2DW12_ACC_Set_6D_Orientation_Threshold	16	static
lis2dw12.c:1337:9:LIS2DW12_ACC_Get_6D_Orientation_XL	24	static
lis2dw12.c:1357:9:LIS2DW12_ACC_Get_6D_Orientation_XH	24	static
lis2dw12.c:1377:9:LIS2DW12_ACC_Get_6D_Orientation_YL	24	static
lis2dw12.c:1397:9:LIS2DW12_ACC_Get_6D_Orientation_YH	24	static
lis2dw12.c:1417:9:LIS2DW12_ACC_Get_6D_Orientation_ZL	24	static
lis2dw12.c:1437:9:LIS2DW12_ACC_Get_6D_Orientation_ZH	24	static
lis2dw12.c:1457:9:LIS2DW12_ACC_Get_Event_Status	32	static
lis2dw12.c:1513:9:LIS2DW12_ACC_Set_SelfTest	24	static
lis2dw12.c:1540:9:LIS2DW12_ACC_Get_DRDY_Status	16	static
lis2dw12.c:1556:9:LIS2DW12_ACC_Get_Init_Status	16	static
lis2dw12.c:1574:9:LIS2DW12_FIFO_Get_Num_Samples	24	static
lis2dw12.c:1601:9:LIS2DW12_FIFO_Set_Mode	24	static
lis2dw12.c:1649:16:LIS2DW12_ACC_SetOutputDataRate_When_Enabled	32	static
lis2dw12.c:1787:16:LIS2DW12_ACC_SetOutputDataRate_When_Disabled	24	static
lis2dw12.c:1814:16:ReadRegWrap	40	static
lis2dw12.c:1829:16:WriteRegWrap	40	static
