lps22hh_reg.c:66:9:lps22hh_read_reg	40	static
lps22hh_reg.c:84:9:lps22hh_write_reg	40	static
lps22hh_reg.c:103:7:lps22hh_from_lsb_to_hpa	16	static
lps22hh_reg.c:108:7:lps22hh_from_lsb_to_celsius	16	static
lps22hh_reg.c:134:9:lps22hh_autozero_rst_set	24	static
lps22hh_reg.c:155:9:lps22hh_autozero_rst_get	24	static
lps22hh_reg.c:174:9:lps22hh_autozero_set	24	static
lps22hh_reg.c:195:9:lps22hh_autozero_get	24	static
lps22hh_reg.c:214:9:lps22hh_pressure_snap_rst_set	24	static
lps22hh_reg.c:235:9:lps22hh_pressure_snap_rst_get	24	static
lps22hh_reg.c:254:9:lps22hh_pressure_snap_set	24	static
lps22hh_reg.c:275:9:lps22hh_pressure_snap_get	24	static
lps22hh_reg.c:294:9:lps22hh_block_data_update_set	24	static
lps22hh_reg.c:315:9:lps22hh_block_data_update_get	24	static
lps22hh_reg.c:334:9:lps22hh_data_rate_set	32	static
lps22hh_reg.c:364:9:lps22hh_data_rate_get	32	static
lps22hh_reg.c:438:9:lps22hh_pressure_ref_set	24	static
lps22hh_reg.c:456:9:lps22hh_pressure_ref_get	24	static
lps22hh_reg.c:473:9:lps22hh_pressure_offset_set	24	static
lps22hh_reg.c:491:9:lps22hh_pressure_offset_get	24	static
lps22hh_reg.c:506:9:lps22hh_all_sources_get	24	static
lps22hh_reg.c:531:9:lps22hh_status_reg_get	24	static
lps22hh_reg.c:546:9:lps22hh_press_flag_data_ready_get	24	static
lps22hh_reg.c:565:9:lps22hh_temp_flag_data_ready_get	24	static
lps22hh_reg.c:596:9:lps22hh_pressure_raw_get	24	static
lps22hh_reg.c:611:9:lps22hh_temperature_raw_get	24	static
lps22hh_reg.c:626:9:lps22hh_fifo_pressure_raw_get	24	static
lps22hh_reg.c:641:9:lps22hh_fifo_temperature_raw_get	24	static
lps22hh_reg.c:668:9:lps22hh_device_id_get	24	static
lps22hh_reg.c:684:9:lps22hh_reset_set	24	static
lps22hh_reg.c:706:9:lps22hh_reset_get	24	static
lps22hh_reg.c:727:9:lps22hh_auto_increment_set	24	static
lps22hh_reg.c:750:9:lps22hh_auto_increment_get	24	static
lps22hh_reg.c:770:9:lps22hh_boot_set	24	static
lps22hh_reg.c:792:9:lps22hh_boot_get	24	static
lps22hh_reg.c:824:9:lps22hh_lp_bandwidth_set	24	static
lps22hh_reg.c:845:9:lps22hh_lp_bandwidth_get	24	static
lps22hh_reg.c:890:9:lps22hh_i2c_interface_set	24	static
lps22hh_reg.c:912:9:lps22hh_i2c_interface_get	24	static
lps22hh_reg.c:942:9:lps22hh_i3c_interface_set	24	static
lps22hh_reg.c:965:9:lps22hh_i3c_interface_get	24	static
lps22hh_reg.c:998:9:lps22hh_sdo_sa0_mode_set	24	static
lps22hh_reg.c:1019:9:lps22hh_sdo_sa0_mode_get	24	static
lps22hh_reg.c:1048:9:lps22hh_sda_mode_set	24	static
lps22hh_reg.c:1069:9:lps22hh_sda_mode_get	24	static
lps22hh_reg.c:1097:9:lps22hh_spi_mode_set	24	static
lps22hh_reg.c:1118:9:lps22hh_spi_mode_get	24	static
lps22hh_reg.c:1159:9:lps22hh_int_notification_set	24	static
lps22hh_reg.c:1180:9:lps22hh_int_notification_get	24	static
lps22hh_reg.c:1209:9:lps22hh_pin_mode_set	24	static
lps22hh_reg.c:1231:9:lps22hh_pin_mode_get	24	static
lps22hh_reg.c:1262:9:lps22hh_pin_polarity_set	24	static
lps22hh_reg.c:1284:9:lps22hh_pin_polarity_get	24	static
lps22hh_reg.c:1314:9:lps22hh_pin_int_route_set	24	static
lps22hh_reg.c:1330:9:lps22hh_pin_int_route_get	24	static
lps22hh_reg.c:1359:9:lps22hh_int_on_threshold_set	24	static
lps22hh_reg.c:1387:9:lps22hh_int_on_threshold_get	24	static
lps22hh_reg.c:1423:9:lps22hh_int_treshold_set	32	static
lps22hh_reg.c:1449:9:lps22hh_int_treshold_get	32	static
lps22hh_reg.c:1486:9:lps22hh_fifo_mode_set	24	static
lps22hh_reg.c:1507:9:lps22hh_fifo_mode_get	24	static
lps22hh_reg.c:1553:9:lps22hh_fifo_stop_on_wtm_set	24	static
lps22hh_reg.c:1575:9:lps22hh_fifo_stop_on_wtm_get	24	static
lps22hh_reg.c:1594:9:lps22hh_fifo_watermark_set	24	static
lps22hh_reg.c:1615:9:lps22hh_fifo_watermark_get	24	static
lps22hh_reg.c:1634:9:lps22hh_fifo_data_level_get	24	static
lps22hh_reg.c:1649:9:lps22hh_fifo_src_get	24	static
lps22hh_reg.c:1664:9:lps22hh_fifo_full_flag_get	24	static
lps22hh_reg.c:1683:9:lps22hh_fifo_ovr_flag_get	24	static
lps22hh_reg.c:1702:9:lps22hh_fifo_wtm_flag_get	24	static
lps22hh_reg.c:1720:9:lps22hh_fifo_ovr_on_int_set	24	static
lps22hh_reg.c:1739:9:lps22hh_fifo_ovr_on_int_get	24	static
lps22hh_reg.c:1757:9:lps22hh_fifo_threshold_on_int_set	24	static
lps22hh_reg.c:1776:9:lps22hh_fifo_threshold_on_int_get	24	static
lps22hh_reg.c:1794:9:lps22hh_fifo_full_on_int_set	24	static
lps22hh_reg.c:1813:9:lps22hh_fifo_full_on_int_get	24	static
