lps22hh.c:109:9:LPS22HH_RegisterBusIO	24	static
lps22hh.c:166:9:LPS22HH_Init	16	static
lps22hh.c:186:9:LPS22HH_DeInit	16	static
lps22hh.c:212:9:LPS22HH_ReadID	16	static
lps22hh.c:228:9:LPS22HH_GetCapabilities	16	static
lps22hh.c:249:9:LPS22HH_Get_Init_Status	16	static
lps22hh.c:266:9:LPS22HH_PRESS_Enable	16	static
lps22hh.c:290:9:LPS22HH_PRESS_Disable	16	static
lps22hh.c:326:9:LPS22HH_PRESS_GetOutputDataRate	16	static
lps22hh.c:337:9:LPS22HH_PRESS_SetOutputDataRate	16	static
lps22hh.c:356:9:LPS22HH_PRESS_GetPressure	24	static
lps22hh.c:377:9:LPS22HH_PRESS_Get_DRDY_Status	16	static
lps22hh.c:392:9:LPS22HH_TEMP_Enable	16	static
lps22hh.c:416:9:LPS22HH_TEMP_Disable	16	static
lps22hh.c:452:9:LPS22HH_TEMP_GetOutputDataRate	16	static
lps22hh.c:463:9:LPS22HH_TEMP_SetOutputDataRate	16	static
lps22hh.c:482:9:LPS22HH_TEMP_GetTemperature	24	static
lps22hh.c:503:9:LPS22HH_TEMP_Get_DRDY_Status	16	static
lps22hh.c:520:9:LPS22HH_Read_Reg	24	static
lps22hh.c:537:9:LPS22HH_Write_Reg	16	static
lps22hh.c:561:9:LPS22HH_Get_Temp	24	static
lps22hh.c:586:16:LPS22HH_GetOutputDataRate	24	static
lps22hh.c:644:16:LPS22HH_SetOutputDataRate_When_Enabled	24	static
lps22hh.c:675:16:LPS22HH_SetOutputDataRate_When_Disabled	16	static
lps22hh.c:693:16:LPS22HH_Initialize	16	static
lps22hh.c:736:9:LPS22HH_FIFO_Get_Data	32	static
lps22hh.c:766:9:LPS22HH_FIFO_Get_FTh_Status	16	static
lps22hh.c:782:9:LPS22HH_FIFO_Get_Full_Status	16	static
lps22hh.c:798:9:LPS22HH_FIFO_Get_Ovr_Status	16	static
lps22hh.c:814:9:LPS22HH_FIFO_Get_Level	16	static
lps22hh.c:830:9:LPS22HH_FIFO_Reset_Interrupt	16	static
lps22hh.c:865:9:LPS22HH_FIFO_Set_Interrupt	16	static
lps22hh.c:900:9:LPS22HH_FIFO_Set_Mode	16	static
lps22hh.c:930:9:LPS22HH_FIFO_Set_Watermark_Level	16	static
lps22hh.c:946:9:LPS22HH_FIFO_Stop_On_Watermark	16	static
lps22hh.c:961:9:LPS22HH_Set_One_Shot	16	static
lps22hh.c:978:9:LPS22HH_Get_One_Shot_Status	24	static
lps22hh.c:1012:9:LPS22HH_Enable_DRDY_Interrupt	24	static
lps22hh.c:1036:9:LPS22HH_Set_Power_Mode	24	static
lps22hh.c:1068:9:LPS22HH_Set_Filter_Mode	16	static
lps22hh.c:1085:16:ReadRegWrap	40	static
lps22hh.c:1100:16:WriteRegWrap	40	static
