stts751_reg.c:66:9:stts751_read_reg	40	static
stts751_reg.c:84:9:stts751_write_reg	40	static
stts751_reg.c:105:7:stts751_from_lsb_to_celsius	16	static
stts751_reg.c:127:9:stts751_from_celsius_to_lsb	16	static
stts751_reg.c:153:9:stts751_temp_data_rate_set	32	static
stts751_reg.c:190:9:stts751_temp_data_rate_get	32	static
stts751_reg.c:254:9:stts751_resolution_set	24	static
stts751_reg.c:275:9:stts751_resolution_get	24	static
stts751_reg.c:310:9:stts751_status_reg_get	24	static
stts751_reg.c:325:9:stts751_flag_busy_get	24	static
stts751_reg.c:357:9:stts751_temperature_raw_get	24	static
stts751_reg.c:395:9:stts751_pin_event_route_set	24	static
stts751_reg.c:416:9:stts751_pin_event_route_get	24	static
stts751_reg.c:446:9:stts751_high_temperature_threshold_set	24	static
stts751_reg.c:473:9:stts751_high_temperature_threshold_get	24	static
stts751_reg.c:500:9:stts751_low_temperature_threshold_set	24	static
stts751_reg.c:528:9:stts751_low_temperature_threshold_get	24	static
stts751_reg.c:570:9:stts751_ota_thermal_limit_set	24	static
stts751_reg.c:585:9:stts751_ota_thermal_limit_get	24	static
stts751_reg.c:602:9:stts751_ota_thermal_hyst_set	24	static
stts751_reg.c:619:9:stts751_ota_thermal_hyst_get	24	static
stts751_reg.c:648:9:stts751_smbus_timeout_set	24	static
stts751_reg.c:670:9:stts751_smbus_timeout_get	24	static
stts751_reg.c:687:9:stts751_device_id_get	24	static
