Archive member included to satisfy reference by file (symbol)

c:/program files (x86)/atollic/truestudio for stm32 9.3.0/armtools/bin/../lib/gcc/arm-atollic-eabi/6.3.1/../../../../arm-atollic-eabi/lib/armv7e-m/fpu\libc_nano.a(lib_a-errno.o)
                              Application\TrueSTUDIO\syscalls.o (__errno)
c:/program files (x86)/atollic/truestudio for stm32 9.3.0/armtools/bin/../lib/gcc/arm-atollic-eabi/6.3.1/../../../../arm-atollic-eabi/lib/armv7e-m/fpu\libc_nano.a(lib_a-impure.o)
                              c:/program files (x86)/atollic/truestudio for stm32 9.3.0/armtools/bin/../lib/gcc/arm-atollic-eabi/6.3.1/../../../../arm-atollic-eabi/lib/armv7e-m/fpu\libc_nano.a(lib_a-errno.o) (_impure_ptr)
c:/program files (x86)/atollic/truestudio for stm32 9.3.0/armtools/bin/../lib/gcc/arm-atollic-eabi/6.3.1/../../../../arm-atollic-eabi/lib/armv7e-m/fpu\libc_nano.a(lib_a-init.o)
                              Application\TrueSTUDIO\startup_stm32l452xx.o (__libc_init_array)
c:/program files (x86)/atollic/truestudio for stm32 9.3.0/armtools/bin/../lib/gcc/arm-atollic-eabi/6.3.1/../../../../arm-atollic-eabi/lib/armv7e-m/fpu\libc_nano.a(lib_a-memcpy-stub.o)
                              Middlewares\FreeRTOS\queue.o (memcpy)
c:/program files (x86)/atollic/truestudio for stm32 9.3.0/armtools/bin/../lib/gcc/arm-atollic-eabi/6.3.1/../../../../arm-atollic-eabi/lib/armv7e-m/fpu\libc_nano.a(lib_a-memset.o)
                              Application\User\main.o (memset)
c:/program files (x86)/atollic/truestudio for stm32 9.3.0/armtools/bin/../lib/gcc/arm-atollic-eabi/6.3.1/../../../../arm-atollic-eabi/lib/armv7e-m/fpu\libc_nano.a(lib_a-sprintf.o)
                              Application\User\main.o (sprintf)
c:/program files (x86)/atollic/truestudio for stm32 9.3.0/armtools/bin/../lib/gcc/arm-atollic-eabi/6.3.1/../../../../arm-atollic-eabi/lib/armv7e-m/fpu\libc_nano.a(lib_a-nano-svfprintf.o)
                              c:/program files (x86)/atollic/truestudio for stm32 9.3.0/armtools/bin/../lib/gcc/arm-atollic-eabi/6.3.1/../../../../arm-atollic-eabi/lib/armv7e-m/fpu\libc_nano.a(lib_a-sprintf.o) (_svfprintf_r)
c:/program files (x86)/atollic/truestudio for stm32 9.3.0/armtools/bin/../lib/gcc/arm-atollic-eabi/6.3.1/../../../../arm-atollic-eabi/lib/armv7e-m/fpu\libc_nano.a(lib_a-nano-vfprintf_i.o)
                              c:/program files (x86)/atollic/truestudio for stm32 9.3.0/armtools/bin/../lib/gcc/arm-atollic-eabi/6.3.1/../../../../arm-atollic-eabi/lib/armv7e-m/fpu\libc_nano.a(lib_a-nano-svfprintf.o) (_printf_i)
c:/program files (x86)/atollic/truestudio for stm32 9.3.0/armtools/bin/../lib/gcc/arm-atollic-eabi/6.3.1/../../../../arm-atollic-eabi/lib/armv7e-m/fpu\libc_nano.a(lib_a-memchr.o)
                              c:/program files (x86)/atollic/truestudio for stm32 9.3.0/armtools/bin/../lib/gcc/arm-atollic-eabi/6.3.1/../../../../arm-atollic-eabi/lib/armv7e-m/fpu\libc_nano.a(lib_a-nano-svfprintf.o) (memchr)
c:/program files (x86)/atollic/truestudio for stm32 9.3.0/armtools/bin/../lib/gcc/arm-atollic-eabi/6.3.1/../../../../arm-atollic-eabi/lib/armv7e-m/fpu\libc_nano.a(lib_a-memmove.o)
                              c:/program files (x86)/atollic/truestudio for stm32 9.3.0/armtools/bin/../lib/gcc/arm-atollic-eabi/6.3.1/../../../../arm-atollic-eabi/lib/armv7e-m/fpu\libc_nano.a(lib_a-nano-svfprintf.o) (memmove)
c:/program files (x86)/atollic/truestudio for stm32 9.3.0/armtools/bin/../lib/gcc/arm-atollic-eabi/6.3.1/../../../../arm-atollic-eabi/lib/armv7e-m/fpu\libc_nano.a(lib_a-nano-freer.o)
                              c:/program files (x86)/atollic/truestudio for stm32 9.3.0/armtools/bin/../lib/gcc/arm-atollic-eabi/6.3.1/../../../../arm-atollic-eabi/lib/armv7e-m/fpu\libc_nano.a(lib_a-nano-svfprintf.o) (_free_r)
c:/program files (x86)/atollic/truestudio for stm32 9.3.0/armtools/bin/../lib/gcc/arm-atollic-eabi/6.3.1/../../../../arm-atollic-eabi/lib/armv7e-m/fpu\libc_nano.a(lib_a-nano-mallocr.o)
                              c:/program files (x86)/atollic/truestudio for stm32 9.3.0/armtools/bin/../lib/gcc/arm-atollic-eabi/6.3.1/../../../../arm-atollic-eabi/lib/armv7e-m/fpu\libc_nano.a(lib_a-nano-svfprintf.o) (_malloc_r)
c:/program files (x86)/atollic/truestudio for stm32 9.3.0/armtools/bin/../lib/gcc/arm-atollic-eabi/6.3.1/../../../../arm-atollic-eabi/lib/armv7e-m/fpu\libc_nano.a(lib_a-nano-reallocr.o)
                              c:/program files (x86)/atollic/truestudio for stm32 9.3.0/armtools/bin/../lib/gcc/arm-atollic-eabi/6.3.1/../../../../arm-atollic-eabi/lib/armv7e-m/fpu\libc_nano.a(lib_a-nano-svfprintf.o) (_realloc_r)
c:/program files (x86)/atollic/truestudio for stm32 9.3.0/armtools/bin/../lib/gcc/arm-atollic-eabi/6.3.1/../../../../arm-atollic-eabi/lib/armv7e-m/fpu\libc_nano.a(lib_a-sbrkr.o)
[...]
Memory Configuration

Name             Origin             Length             Attributes
RAM              0x20000000         0x00028000         xrw
FLASH            0x08000000         0x00080000         xr
*default*        0x00000000         0xffffffff

Linker script and memory map

LOAD c:/program files (x86)/atollic/truestudio for stm32 9.3.0/armtools/bin/../lib/gcc/arm-atollic-eabi/6.3.1/armv7e-m/fpu/crti.o
LOAD c:/program files (x86)/atollic/truestudio for stm32 9.3.0/armtools/bin/../lib/gcc/arm-atollic-eabi/6.3.1/armv7e-m/fpu/crtbegin.o
LOAD Application\TrueSTUDIO\startup_stm32l452xx.o
LOAD Application\TrueSTUDIO\syscalls.o
LOAD Application\User\app_x-cube-mems1.o
LOAD Application\User\freertos.o
LOAD Application\User\main.o
LOAD Application\User\stm32l4xx_hal_msp.o
LOAD Application\User\stm32l4xx_hal_timebase_tim.o
LOAD Application\User\stm32l4xx_it.o
LOAD Application\User\stm32l4xx_nucleo_bus.o
LOAD Drivers\BSP\Components\hts221.o
LOAD Drivers\BSP\Components\hts221_reg.o
LOAD Drivers\BSP\Components\lis2dw12.o
LOAD Drivers\BSP\Components\lis2dw12_reg.o
LOAD Drivers\BSP\Components\lis2mdl.o
LOAD Drivers\BSP\Components\lis2mdl_reg.o
LOAD Drivers\BSP\Components\lps22hh.o
LOAD Drivers\BSP\Components\lps22hh_reg.o
LOAD Drivers\BSP\Components\lsm6dso.o
LOAD Drivers\BSP\Components\lsm6dso_reg.o
LOAD Drivers\BSP\Components\stts751.o
LOAD Drivers\BSP\Components\stts751_reg.o
LOAD Drivers\BSP\IKS01A3\iks01a3_env_sensors.o
LOAD Drivers\BSP\IKS01A3\iks01a3_env_sensors_ex.o
LOAD Drivers\BSP\IKS01A3\iks01a3_motion_sensors.o
LOAD Drivers\BSP\IKS01A3\iks01a3_motion_sensors_ex.o
LOAD Drivers\CMSIS\system_stm32l4xx.o
LOAD Drivers\STM32L4xx_HAL_Driver\stm32l4xx_hal.o
LOAD Drivers\STM32L4xx_HAL_Driver\stm32l4xx_hal_cortex.o
LOAD Drivers\STM32L4xx_HAL_Driver\stm32l4xx_hal_dma.o
LOAD Drivers\STM32L4xx_HAL_Driver\stm32l4xx_hal_dma_ex.o
LOAD Drivers\STM32L4xx_HAL_Driver\stm32l4xx_hal_exti.o
LOAD Drivers\STM32L4xx_HAL_Driver\stm32l4xx_hal_flash.o
LOAD Drivers\STM32L4xx_HAL_Driver\stm32l4xx_hal_flash_ex.o
LOAD Drivers\STM32L4xx_HAL_Driver\stm32l4xx_hal_flash_ramfunc.o
LOAD Drivers\STM32L4xx_HAL_Driver\stm32l4xx_hal_gpio.o
LOAD Drivers\STM32L4xx_HAL_Driver\stm32l4xx_hal_i2c.o
LOAD Drivers\STM32L4xx_HAL_Driver\stm32l4xx_hal_i2c_ex.o
LOAD Drivers\STM32L4xx_HAL_Driver\stm32l4xx_hal_pwr.o
LOAD Drivers\STM32L4xx_HAL_Driver\stm32l4xx_hal_pwr_ex.o
LOAD Drivers\STM32L4xx_HAL_Driver\stm32l4xx_hal_rcc.o
LOAD Drivers\STM32L4xx_HAL_Driver\stm32l4xx_hal_rcc_ex.o
LOAD Drivers\STM32L4xx_HAL_Driver\stm32l4xx_hal_tim.o
LOAD Drivers\STM32L4xx_HAL_Driver\stm32l4xx_hal_tim_ex.o
LOAD Drivers\STM32L4xx_HAL_Driver\stm32l4xx_hal_uart.o
LOAD Drivers\STM32L4xx_HAL_Driver\stm32l4xx_hal_uart_ex.o
LOAD Middlewares\FreeRTOS\cmsis_os.o
LOAD Middlewares\FreeRTOS\croutine.o
LOAD Middlewares\FreeRTOS\event_groups.o
LOAD Middlewares\FreeRTOS\heap_4.o
LOAD Middlewares\FreeRTOS\list.o
LOAD Middlewares\FreeRTOS\port.o
LOAD Middlewares\FreeRTOS\queue.o
LOAD Middlewares\FreeRTOS\stream_buffer.o
LOAD Middlewares\FreeRTOS\tasks.o
LOAD Middlewares\FreeRTOS\timers.o
                0x00000080                malloc_getpagesize_P = 0x80
START GROUP
LOAD c:/program files (x86)/atollic/truestudio for stm32 9.3.0/armtools/bin/../lib/gcc/arm-atollic-eabi/6.3.1/../../../../arm-atollic-eabi/lib/armv7e-m/fpu\libc_nano.a
LOAD c:/program files (x86)/atollic/truestudio for stm32 9.3.0/armtools/bin/../lib/gcc/arm-atollic-eabi/6.3.1/../../../../arm-atollic-eabi/lib/armv7e-m/fpu\libm.a
END GROUP
START GROUP
LOAD c:/program files (x86)/atollic/truestudio for stm32 9.3.0/armtools/bin/../lib/gcc/arm-atollic-eabi/6.3.1/armv7e-m/fpu\libgcc.a
LOAD c:/program files (x86)/atollic/truestudio for stm32 9.3.0/armtools/bin/../lib/gcc/arm-atollic-eabi/6.3.1/../../../../arm-atollic-eabi/lib/armv7e-m/fpu\libc_nano.a
END GROUP
START GROUP
LOAD c:/program files (x86)/atollic/truestudio for stm32 9.3.0/armtools/bin/../lib/gcc/arm-atollic-eabi/6.3.1/armv7e-m/fpu\libgcc.a
LOAD c:/program files (x86)/atollic/truestudio for stm32 9.3.0/armtools/bin/../lib/gcc/arm-atollic-eabi/6.3.1/../../../../arm-atollic-eabi/lib/armv7e-m/fpu\libc_nano.a
LOAD c:/program files (x86)/atollic/truestudio for stm32 9.3.0/armtools/bin/../lib/gcc/arm-atollic-eabi/6.3.1/../../../../arm-atollic-eabi/lib/armv7e-m/fpu\libnosys.a
END GROUP
START GROUP
LOAD c:/program files (x86)/atollic/truestudio for stm32 9.3.0/armtools/bin/../lib/gcc/arm-atollic-eabi/6.3.1/armv7e-m/fpu\libgcc.a
LOAD c:/program files (x86)/atollic/truestudio for stm32 9.3.0/armtools/bin/../lib/gcc/arm-atollic-eabi/6.3.1/../../../../arm-atollic-eabi/lib/armv7e-m/fpu\libc_nano.a
LOAD c:/program files (x86)/atollic/truestudio for stm32 9.3.0/armtools/bin/../lib/gcc/arm-atollic-eabi/6.3.1/../../../../arm-atollic-eabi/lib/armv7e-m/fpu\libnosys.a
END GROUP
LOAD c:/program files (x86)/atollic/truestudio for stm32 9.3.0/armtools/bin/../lib/gcc/arm-atollic-eabi/6.3.1/armv7e-m/fpu/crtend.o
LOAD c:/program files (x86)/atollic/truestudio for stm32 9.3.0/armtools/bin/../lib/gcc/arm-atollic-eabi/6.3.1/armv7e-m/fpu/crtn.o
                0x20028000                _estack = 0x20028000
                0x00000200                _Min_Heap_Size = 0x200
                0x00000400                _Min_Stack_Size = 0x400

.isr_vector     0x08000000      0x194
                0x08000000                . = ALIGN (0x4)
 *(.isr_vector)
 .isr_vector    0x08000000      0x194 Application\TrueSTUDIO\startup_stm32l452xx.o
                0x08000000                g_pfnVectors
                0x08000194                . = ALIGN (0x4)

.text           0x080001a0     0xa4cc
                0x080001a0                . = ALIGN (0x4)
 *(.text)
 .text          0x080001a0       0x40 c:/program files (x86)/atollic/truestudio for stm32 9.3.0/armtools/bin/../lib/gcc/arm-atollic-eabi/6.3.1/armv7e-m/fpu/crtbegin.o
 .text          0x080001e0       0xa0 c:/program files (x86)/atollic/truestudio for stm32 9.3.0/armtools/bin/../lib/gcc/arm-atollic-eabi/6.3.1/../../../../arm-atollic-eabi/lib/armv7e-m/fpu\libc_nano.a(lib_a-memchr.o)
                0x080001e0                memchr
 .text          0x08000280       0x30 c:/program files (x86)/atollic/truestudio for stm32 9.3.0/armtools/bin/../lib/gcc/arm-atollic-eabi/6.3.1/armv7e-m/fpu\libgcc.a(_aeabi_uldivmod.o)
                0x08000280                __aeabi_uldivmod
 .text          0x080002b0      0x2dc c:/program files (x86)/atollic/truestudio for stm32 9.3.0/armtools/bin/../lib/gcc/arm-atollic-eabi/6.3.1/armv7e-m/fpu\libgcc.a(_udivmoddi4.o)
                0x080002b0                __udivmoddi4
 .text          0x0800058c        0x4 c:/program files (x86)/atollic/truestudio for stm32 9.3.0/armtools/bin/../lib/gcc/arm-atollic-eabi/6.3.1/armv7e-m/fpu\libgcc.a(_dvmd_tls.o)
                0x0800058c                __aeabi_idiv0
                0x0800058c                __aeabi_ldiv0
 *(.text*)
 .text.Reset_Handler
                0x08000590       0x50 Application\TrueSTUDIO\startup_stm32l452xx.o
                0x08000590                Reset_Handler
 .text.Default_Handler
                0x080005e0        0x2 Application\TrueSTUDIO\startup_stm32l452xx.o
                0x080005e0                RTC_Alarm_IRQHandler
                0x080005e0                EXTI2_IRQHandler
                0x080005e0                TIM1_CC_IRQHandler
                0x080005e0                TSC_IRQHandler
                0x080005e0                TAMP_STAMP_IRQHandler
                0x080005e0                EXTI3_IRQHandler
                0x080005e0                LPTIM2_IRQHandler
                0x080005e0                DFSDM1_FLT1_IRQHandler
                0x080005e0                I2C3_ER_IRQHandler
                0x080005e0                EXTI0_IRQHandler
                0x080005e0                I2C2_EV_IRQHandler
                0x080005e0                CAN1_RX0_IRQHandler
                0x080005e0                FPU_IRQHandler
                0x080005e0                SPI1_IRQHandler
                0x080005e0                TIM6_DAC_IRQHandler
                0x080005e0                DMA2_Channel2_IRQHandler
                0x080005e0                DMA1_Channel4_IRQHandler
                0x080005e0                ADC1_IRQHandler
                0x080005e0                USART3_IRQHandler
                0x080005e0                DMA1_Channel7_IRQHandler
                0x080005e0                CAN1_RX1_IRQHandler
                0x080005e0                DMA2_Channel1_IRQHandler
                0x080005e0                QUADSPI_IRQHandler
                0x080005e0                I2C1_EV_IRQHandler
                0x080005e0                DMA1_Channel6_IRQHandler
                0x080005e0                UART4_IRQHandler
                0x080005e0                DMA2_Channel4_IRQHandler
                0x080005e0                TIM3_IRQHandler
                0x080005e0                RCC_IRQHandler
                0x080005e0                TIM1_TRG_COM_IRQHandler
                0x080005e0                DMA1_Channel1_IRQHandler
                0x080005e0                Default_Handler
                0x080005e0                DMA2_Channel7_IRQHandler
                0x080005e0                EXTI15_10_IRQHandler
                0x080005e0                SDMMC1_IRQHandler
                0x080005e0                I2C3_EV_IRQHandler
                0x080005e0                USB_IRQHandler
                0x080005e0                EXTI9_5_IRQHandler
                0x080005e0                RTC_WKUP_IRQHandler
                0x080005e0                PVD_PVM_IRQHandler
                0x080005e0                SPI2_IRQHandler
                0x080005e0                CAN1_TX_IRQHandler
                0x080005e0                DMA2_Channel5_IRQHandler
                0x080005e0                CRS_IRQHandler
                0x080005e0                DMA1_Channel5_IRQHandler
                0x080005e0                EXTI4_IRQHandler
                0x080005e0                RNG_IRQHandler
                0x080005e0                DMA1_Channel3_IRQHandler
                0x080005e0                COMP_IRQHandler
                0x080005e0                WWDG_IRQHandler
                0x080005e0                I2C4_EV_IRQHandler
                0x080005e0                LPUART1_IRQHandler
                0x080005e0                DMA2_Channel6_IRQHandler
                0x080005e0                TIM2_IRQHandler
                0x080005e0                EXTI1_IRQHandler
                0x080005e0                USART2_IRQHandler
                0x080005e0                DFSDM1_FLT0_IRQHandler
                0x080005e0                I2C2_ER_IRQHandler
                0x080005e0                DMA1_Channel2_IRQHandler
                0x080005e0                CAN1_SCE_IRQHandler
                0x080005e0                FLASH_IRQHandler
                0x080005e0                USART1_IRQHandler
                0x080005e0                SPI3_IRQHandler
                0x080005e0                I2C1_ER_IRQHandler
                0x080005e0                LPTIM1_IRQHandler
                0x080005e0                I2C4_ER_IRQHandler
                0x080005e0                SAI1_IRQHandler
                0x080005e0                DMA2_Channel3_IRQHandler
                0x080005e0                TIM1_BRK_TIM15_IRQHandler
 *fill*         0x080005e2        0x2 
 .text._sbrk    0x080005e4       0x58 Application\TrueSTUDIO\syscalls.o
                0x080005e4                _sbrk
 .text.MX_MEMS_Init
                0x0800063c        0xe Application\User\app_x-cube-mems1.o
                0x0800063c                MX_MEMS_Init
 *fill*         0x0800064a        0x2 
 .text.main     0x0800064c       0xfc Application\User\main.o
                0x0800064c                main
 .text.vTaskLED
                0x08000748       0x3c Application\User\main.o
                0x08000748                vTaskLED
 .text.vTaskReadData
                0x08000784       0x54 Application\User\main.o
                0x08000784                vTaskReadData
 .text.vTaskSndData
                0x080007d8       0x78 Application\User\main.o
                0x080007d8                vTaskSndData
 .text.SystemClock_Config
                0x08000850       0xe2 Application\User\main.o
                0x08000850                SystemClock_Config
 *fill*         0x08000932        0x2 
 .text.MX_USART2_UART_Init
                0x08000934       0x60 Application\User\main.o
 .text.MX_GPIO_Init
                0x08000994       0xd0 Application\User\main.o
 .text.StartDefaultTask
                0x08000a64       0x14 Application\User\main.o
                0x08000a64                StartDefaultTask
 .text.HAL_TIM_PeriodElapsedCallback
                0x08000a78       0x24 Application\User\main.o
                0x08000a78                HAL_TIM_PeriodElapsedCallback
 .text.Error_Handler
                0x08000a9c        0xe Application\User\main.o
                0x08000a9c                Error_Handler
 *fill*         0x08000aaa        0x2 
 .text.HAL_MspInit
                0x08000aac       0x50 Application\User\stm32l4xx_hal_msp.o
                0x08000aac                HAL_MspInit
 .text.HAL_UART_MspInit
                0x08000afc       0x84 Application\User\stm32l4xx_hal_msp.o
                0x08000afc                HAL_UART_MspInit
 .text.HAL_InitTick
                0x08000b80       0xac Application\User\stm32l4xx_hal_timebase_tim.o
                0x08000b80                HAL_InitTick
 .text.NMI_Handler
                0x08000c2c        0xe Application\User\stm32l4xx_it.o
                0x08000c2c                NMI_Handler
 .text.HardFault_Handler
                0x08000c3a        0x6 Application\User\stm32l4xx_it.o
                0x08000c3a                HardFault_Handler
 .text.MemManage_Handler
                0x08000c40        0x6 Application\User\stm32l4xx_it.o
                0x08000c40                MemManage_Handler
 .text.BusFault_Handler
                0x08000c46        0x6 Application\User\stm32l4xx_it.o
                0x08000c46                BusFault_Handler
 .text.UsageFault_Handler
                0x08000c4c        0x6 Application\User\stm32l4xx_it.o
                0x08000c4c                UsageFault_Handler
 .text.DebugMon_Handler
                0x08000c52        0xe Application\User\stm32l4xx_it.o
                0x08000c52                DebugMon_Handler
 .text.TIM1_UP_TIM16_IRQHandler
                0x08000c60       0x14 Application\User\stm32l4xx_it.o
                0x08000c60                TIM1_UP_TIM16_IRQHandler
 .text.BSP_I2C1_Init
                0x08000c74       0x7c Application\User\stm32l4xx_nucleo_bus.o
                0x08000c74                BSP_I2C1_Init
 .text.BSP_I2C1_DeInit
                0x08000cf0       0x50 Application\User\stm32l4xx_nucleo_bus.o
                0x08000cf0                BSP_I2C1_DeInit
 .text.BSP_I2C1_WriteReg
                0x08000d40       0x64 Application\User\stm32l4xx_nucleo_bus.o
                0x08000d40                BSP_I2C1_WriteReg
 .text.BSP_I2C1_ReadReg
                0x08000da4       0x64 Application\User\stm32l4xx_nucleo_bus.o
                0x08000da4                BSP_I2C1_ReadReg
 .text.BSP_GetTick
                0x08000e08        0xe Application\User\stm32l4xx_nucleo_bus.o
                0x08000e08                BSP_GetTick
 *fill*         0x08000e16        0x2 
 .text.MX_I2C1_Init
                0x08000e18       0x88 Application\User\stm32l4xx_nucleo_bus.o
                0x08000e18                MX_I2C1_Init
 .text.I2C1_MspInit
                0x08000ea0       0x6c Application\User\stm32l4xx_nucleo_bus.o
 .text.I2C1_MspDeInit
                0x08000f0c       0x30 Application\User\stm32l4xx_nucleo_bus.o
 .text.LIS2DW12_RegisterBusIO
                0x08000f3c       0xcc Drivers\BSP\Components\lis2dw12.o
                0x08000f3c                LIS2DW12_RegisterBusIO
 .text.LIS2DW12_Init
                0x08001008       0xc4 Drivers\BSP\Components\lis2dw12.o
                0x08001008                LIS2DW12_Init
 .text.LIS2DW12_DeInit
                0x080010cc       0x44 Drivers\BSP\Components\lis2dw12.o
                0x080010cc                LIS2DW12_DeInit
 .text.LIS2DW12_ReadID
                0x08001110       0x2c Drivers\BSP\Components\lis2dw12.o
                0x08001110                LIS2DW12_ReadID
 .text.LIS2DW12_GetCapabilities
                0x0800113c       0x5c Drivers\BSP\Components\lis2dw12.o
                0x0800113c                LIS2DW12_GetCapabilities
 .text.LIS2DW12_ACC_Enable
                0x08001198       0x52 Drivers\BSP\Components\lis2dw12.o
                0x08001198                LIS2DW12_ACC_Enable
 .text.LIS2DW12_ACC_Disable
                0x080011ea       0x40 Drivers\BSP\Components\lis2dw12.o
                0x080011ea                LIS2DW12_ACC_Disable
 *fill*         0x0800122a        0x2 
 .text.LIS2DW12_ACC_GetSensitivity
                0x0800122c      0x190 Drivers\BSP\Components\lis2dw12.o
                0x0800122c                LIS2DW12_ACC_GetSensitivity
 .text.LIS2DW12_ACC_GetOutputDataRate
                0x080013bc      0x3bc Drivers\BSP\Components\lis2dw12.o
                0x080013bc                LIS2DW12_ACC_GetOutputDataRate
 .text.LIS2DW12_ACC_SetOutputDataRate
                0x08001778       0x24 Drivers\BSP\Components\lis2dw12.o
                0x08001778                LIS2DW12_ACC_SetOutputDataRate
 .text.LIS2DW12_ACC_SetOutputDataRate_With_Mode
                0x0800179c       0x4c Drivers\BSP\Components\lis2dw12.o
                0x0800179c                LIS2DW12_ACC_SetOutputDataRate_With_Mode
 .text.LIS2DW12_ACC_GetFullScale
                0x080017e8       0x84 Drivers\BSP\Components\lis2dw12.o
                0x080017e8                LIS2DW12_ACC_GetFullScale
 .text.LIS2DW12_ACC_SetFullScale
                0x0800186c       0x50 Drivers\BSP\Components\lis2dw12.o
                0x0800186c                LIS2DW12_ACC_SetFullScale
 .text.LIS2DW12_ACC_GetAxesRaw
                0x080018bc      0x148 Drivers\BSP\Components\lis2dw12.o
                0x080018bc                LIS2DW12_ACC_GetAxesRaw
 .text.LIS2DW12_ACC_GetAxes
                0x08001a04       0xaa Drivers\BSP\Components\lis2dw12.o
                0x08001a04                LIS2DW12_ACC_GetAxes
 .text.LIS2DW12_Write_Reg
                0x08001aae       0x36 Drivers\BSP\Components\lis2dw12.o
                0x08001aae                LIS2DW12_Write_Reg
 .text.LIS2DW12_ACC_SetOutputDataRate_When_Enabled
                0x08001ae4      0x238 Drivers\BSP\Components\lis2dw12.o
 .text.LIS2DW12_ACC_SetOutputDataRate_When_Disabled
                0x08001d1c      0x124 Drivers\BSP\Components\lis2dw12.o
 .text.ReadRegWrap
                0x08001e40       0x36 Drivers\BSP\Components\lis2dw12.o
 .text.WriteRegWrap
                0x08001e76       0x36 Drivers\BSP\Components\lis2dw12.o
 .text.lis2dw12_read_reg
                0x08001eac       0x30 Drivers\BSP\Components\lis2dw12_reg.o
                0x08001eac                lis2dw12_read_reg
 .text.lis2dw12_write_reg
                0x08001edc       0x30 Drivers\BSP\Components\lis2dw12_reg.o
                0x08001edc                lis2dw12_write_reg
 .text.lis2dw12_power_mode_set
                0x08001f0c       0xa0 Drivers\BSP\Components\lis2dw12_reg.o
                0x08001f0c                lis2dw12_power_mode_set
 .text.lis2dw12_power_mode_get
                0x08001fac      0x174 Drivers\BSP\Components\lis2dw12_reg.o
                0x08001fac                lis2dw12_power_mode_get
 .text.lis2dw12_data_rate_set
                0x08002120       0x8c Drivers\BSP\Components\lis2dw12_reg.o
                0x08002120                lis2dw12_data_rate_set
 .text.lis2dw12_data_rate_get
                0x080021ac      0x148 Drivers\BSP\Components\lis2dw12_reg.o
                0x080021ac                lis2dw12_data_rate_get
 .text.lis2dw12_block_data_update_set
                0x080022f4       0x4c Drivers\BSP\Components\lis2dw12_reg.o
                0x080022f4                lis2dw12_block_data_update_set
 .text.lis2dw12_full_scale_set
                0x08002340       0x4c Drivers\BSP\Components\lis2dw12_reg.o
                0x08002340                lis2dw12_full_scale_set
 .text.lis2dw12_full_scale_get
                0x0800238c       0x70 Drivers\BSP\Components\lis2dw12_reg.o
                0x0800238c                lis2dw12_full_scale_get
 .text.lis2dw12_acceleration_raw_get
                0x080023fc       0x22 Drivers\BSP\Components\lis2dw12_reg.o
                0x080023fc                lis2dw12_acceleration_raw_get
 .text.lis2dw12_device_id_get
                0x0800241e       0x22 Drivers\BSP\Components\lis2dw12_reg.o
                0x0800241e                lis2dw12_device_id_get
 .text.lis2dw12_auto_increment_set
                0x08002440       0x4c Drivers\BSP\Components\lis2dw12_reg.o
                0x08002440                lis2dw12_auto_increment_set
 .text.lis2dw12_fifo_mode_set
                0x0800248c       0x4c Drivers\BSP\Components\lis2dw12_reg.o
                0x0800248c                lis2dw12_fifo_mode_set
 .text.LIS2MDL_RegisterBusIO
                0x080024d8       0xec Drivers\BSP\Components\lis2mdl.o
                0x080024d8                LIS2MDL_RegisterBusIO
 .text.LIS2MDL_Init
                0x080025c4       0x7a Drivers\BSP\Components\lis2mdl.o
                0x080025c4                LIS2MDL_Init
 .text.LIS2MDL_DeInit
                0x0800263e       0x2c Drivers\BSP\Components\lis2mdl.o
                0x0800263e                LIS2MDL_DeInit
 .text.LIS2MDL_ReadID
                0x0800266a       0x2c Drivers\BSP\Components\lis2mdl.o
                0x0800266a                LIS2MDL_ReadID
 *fill*         0x08002696        0x2 
 .text.LIS2MDL_GetCapabilities
                0x08002698       0x5c Drivers\BSP\Components\lis2mdl.o
                0x08002698                LIS2MDL_GetCapabilities
 .text.LIS2MDL_MAG_Enable
                0x080026f4       0x40 Drivers\BSP\Components\lis2mdl.o
                0x080026f4                LIS2MDL_MAG_Enable
 .text.LIS2MDL_MAG_Disable
                0x08002734       0x40 Drivers\BSP\Components\lis2mdl.o
                0x08002734                LIS2MDL_MAG_Disable
 .text.LIS2MDL_MAG_GetSensitivity
                0x08002774       0x20 Drivers\BSP\Components\lis2mdl.o
                0x08002774                LIS2MDL_MAG_GetSensitivity
 .text.LIS2MDL_MAG_GetOutputDataRate
                0x08002794       0x8c Drivers\BSP\Components\lis2mdl.o
                0x08002794                LIS2MDL_MAG_GetOutputDataRate
 .text.LIS2MDL_MAG_SetOutputDataRate
                0x08002820       0x7c Drivers\BSP\Components\lis2mdl.o
                0x08002820                LIS2MDL_MAG_SetOutputDataRate
 .text.LIS2MDL_MAG_GetFullScale
                0x0800289c       0x1e Drivers\BSP\Components\lis2mdl.o
                0x0800289c                LIS2MDL_MAG_GetFullScale
 .text.LIS2MDL_MAG_SetFullScale
                0x080028ba       0x18 Drivers\BSP\Components\lis2mdl.o
                0x080028ba                LIS2MDL_MAG_SetFullScale
 .text.LIS2MDL_MAG_GetAxesRaw
                0x080028d2       0x48 Drivers\BSP\Components\lis2mdl.o
                0x080028d2                LIS2MDL_MAG_GetAxesRaw
 .text.LIS2MDL_MAG_GetAxes
                0x0800291a       0x9c Drivers\BSP\Components\lis2mdl.o
                0x0800291a                LIS2MDL_MAG_GetAxes
 .text.LIS2MDL_Write_Reg
                0x080029b6       0x36 Drivers\BSP\Components\lis2mdl.o
                0x080029b6                LIS2MDL_Write_Reg
 .text.ReadMagRegWrap
                0x080029ec       0x62 Drivers\BSP\Components\lis2mdl.o
 .text.WriteMagRegWrap
                0x08002a4e       0x62 Drivers\BSP\Components\lis2mdl.o
 .text.lis2mdl_read_reg
                0x08002ab0       0x30 Drivers\BSP\Components\lis2mdl_reg.o
                0x08002ab0                lis2mdl_read_reg
 .text.lis2mdl_write_reg
                0x08002ae0       0x30 Drivers\BSP\Components\lis2mdl_reg.o
                0x08002ae0                lis2mdl_write_reg
 .text.lis2mdl_operating_mode_set
                0x08002b10       0x4c Drivers\BSP\Components\lis2mdl_reg.o
                0x08002b10                lis2mdl_operating_mode_set
 .text.lis2mdl_data_rate_set
                0x08002b5c       0x4c Drivers\BSP\Components\lis2mdl_reg.o
                0x08002b5c                lis2mdl_data_rate_set
 .text.lis2mdl_data_rate_get
                0x08002ba8       0x70 Drivers\BSP\Components\lis2mdl_reg.o
                0x08002ba8                lis2mdl_data_rate_get
 .text.lis2mdl_block_data_update_set
                0x08002c18       0x4c Drivers\BSP\Components\lis2mdl_reg.o
                0x08002c18                lis2mdl_block_data_update_set
 .text.lis2mdl_magnetic_raw_get
                0x08002c64       0x22 Drivers\BSP\Components\lis2mdl_reg.o
                0x08002c64                lis2mdl_magnetic_raw_get
 .text.lis2mdl_device_id_get
                0x08002c86       0x22 Drivers\BSP\Components\lis2mdl_reg.o
                0x08002c86                lis2mdl_device_id_get
 .text.lis2mdl_self_test_set
                0x08002ca8       0x4c Drivers\BSP\Components\lis2mdl_reg.o
                0x08002ca8                lis2mdl_self_test_set
 .text.lis2mdl_i2c_interface_set
                0x08002cf4       0x4c Drivers\BSP\Components\lis2mdl_reg.o
                0x08002cf4                lis2mdl_i2c_interface_set
 .text.LSM6DSO_RegisterBusIO
                0x08002d40       0xcc Drivers\BSP\Components\lsm6dso.o
                0x08002d40                LSM6DSO_RegisterBusIO
 .text.LSM6DSO_Init
                0x08002e0c       0xd2 Drivers\BSP\Components\lsm6dso.o
                0x08002e0c                LSM6DSO_Init
 .text.LSM6DSO_DeInit
                0x08002ede       0x4e Drivers\BSP\Components\lsm6dso.o
                0x08002ede                LSM6DSO_DeInit
 .text.LSM6DSO_ReadID
                0x08002f2c       0x2c Drivers\BSP\Components\lsm6dso.o
                0x08002f2c                LSM6DSO_ReadID
 .text.LSM6DSO_GetCapabilities
                0x08002f58       0x5c Drivers\BSP\Components\lsm6dso.o
                0x08002f58                LSM6DSO_GetCapabilities
 .text.LSM6DSO_ACC_Enable
                0x08002fb4       0x48 Drivers\BSP\Components\lsm6dso.o
                0x08002fb4                LSM6DSO_ACC_Enable
 .text.LSM6DSO_ACC_Disable
                0x08002ffc       0x5e Drivers\BSP\Components\lsm6dso.o
                0x08002ffc                LSM6DSO_ACC_Disable
 *fill*         0x0800305a        0x2 
 .text.LSM6DSO_ACC_GetSensitivity
                0x0800305c       0x8c Drivers\BSP\Components\lsm6dso.o
                0x0800305c                LSM6DSO_ACC_GetSensitivity
 .text.LSM6DSO_ACC_GetOutputDataRate
                0x080030e8      0x108 Drivers\BSP\Components\lsm6dso.o
                0x080030e8                LSM6DSO_ACC_GetOutputDataRate
 .text.LSM6DSO_ACC_SetOutputDataRate
                0x080031f0       0x38 Drivers\BSP\Components\lsm6dso.o
                0x080031f0                LSM6DSO_ACC_SetOutputDataRate
 .text.LSM6DSO_ACC_GetFullScale
                0x08003228       0x7c Drivers\BSP\Components\lsm6dso.o
                0x08003228                LSM6DSO_ACC_GetFullScale
 .text.LSM6DSO_ACC_SetFullScale
                0x080032a4       0x50 Drivers\BSP\Components\lsm6dso.o
                0x080032a4                LSM6DSO_ACC_SetFullScale
 .text.LSM6DSO_ACC_GetAxesRaw
                0x080032f4       0x48 Drivers\BSP\Components\lsm6dso.o
                0x080032f4                LSM6DSO_ACC_GetAxesRaw
 .text.LSM6DSO_ACC_GetAxes
                0x0800333c       0xae Drivers\BSP\Components\lsm6dso.o
                0x0800333c                LSM6DSO_ACC_GetAxes
 .text.LSM6DSO_GYRO_Enable
                0x080033ea       0x48 Drivers\BSP\Components\lsm6dso.o
                0x080033ea                LSM6DSO_GYRO_Enable
 .text.LSM6DSO_GYRO_Disable
                0x08003432       0x5e Drivers\BSP\Components\lsm6dso.o
                0x08003432                LSM6DSO_GYRO_Disable
 .text.LSM6DSO_GYRO_GetSensitivity
                0x08003490       0xa4 Drivers\BSP\Components\lsm6dso.o
                0x08003490                LSM6DSO_GYRO_GetSensitivity
 .text.LSM6DSO_GYRO_GetOutputDataRate
                0x08003534       0xf8 Drivers\BSP\Components\lsm6dso.o
                0x08003534                LSM6DSO_GYRO_GetOutputDataRate
 .text.LSM6DSO_GYRO_SetOutputDataRate
                0x0800362c       0x38 Drivers\BSP\Components\lsm6dso.o
                0x0800362c                LSM6DSO_GYRO_SetOutputDataRate
 .text.LSM6DSO_GYRO_GetFullScale
                0x08003664       0x94 Drivers\BSP\Components\lsm6dso.o
                0x08003664                LSM6DSO_GYRO_GetFullScale
 .text.LSM6DSO_GYRO_SetFullScale
                0x080036f8       0x5e Drivers\BSP\Components\lsm6dso.o
                0x080036f8                LSM6DSO_GYRO_SetFullScale
 .text.LSM6DSO_GYRO_GetAxesRaw
                0x08003756       0x48 Drivers\BSP\Components\lsm6dso.o
                0x08003756                LSM6DSO_GYRO_GetAxesRaw
 .text.LSM6DSO_GYRO_GetAxes
                0x0800379e       0xa8 Drivers\BSP\Components\lsm6dso.o
                0x0800379e                LSM6DSO_GYRO_GetAxes
 .text.LSM6DSO_Write_Reg
                0x08003846       0x36 Drivers\BSP\Components\lsm6dso.o
                0x08003846                LSM6DSO_Write_Reg
 .text.LSM6DSO_ACC_SetOutputDataRate_When_Enabled
                0x0800387c      0x118 Drivers\BSP\Components\lsm6dso.o
 .text.LSM6DSO_ACC_SetOutputDataRate_When_Disabled
                0x08003994      0x104 Drivers\BSP\Components\lsm6dso.o
 .text.LSM6DSO_GYRO_SetOutputDataRate_When_Enabled
                0x08003a98      0x118 Drivers\BSP\Components\lsm6dso.o
 .text.LSM6DSO_GYRO_SetOutputDataRate_When_Disabled
                0x08003bb0      0x104 Drivers\BSP\Components\lsm6dso.o
 .text.ReadRegWrap
                0x08003cb4       0x36 Drivers\BSP\Components\lsm6dso.o
 .text.WriteRegWrap
                0x08003cea       0x36 Drivers\BSP\Components\lsm6dso.o
 .text.lsm6dso_read_reg
                0x08003d20       0x30 Drivers\BSP\Components\lsm6dso_reg.o
                0x08003d20                lsm6dso_read_reg
 .text.lsm6dso_write_reg
                0x08003d50       0x30 Drivers\BSP\Components\lsm6dso_reg.o
                0x08003d50                lsm6dso_write_reg
 .text.lsm6dso_xl_full_scale_set
                0x08003d80       0x4c Drivers\BSP\Components\lsm6dso_reg.o
                0x08003d80                lsm6dso_xl_full_scale_set
 .text.lsm6dso_xl_full_scale_get
                0x08003dcc       0x70 Drivers\BSP\Components\lsm6dso_reg.o
                0x08003dcc                lsm6dso_xl_full_scale_get
 .text.lsm6dso_xl_data_rate_set
                0x08003e3c       0x4c Drivers\BSP\Components\lsm6dso_reg.o
                0x08003e3c                lsm6dso_xl_data_rate_set
 .text.lsm6dso_xl_data_rate_get
                0x08003e88       0xd0 Drivers\BSP\Components\lsm6dso_reg.o
                0x08003e88                lsm6dso_xl_data_rate_get
 .text.lsm6dso_gy_full_scale_set
                0x08003f58       0x4c Drivers\BSP\Components\lsm6dso_reg.o
                0x08003f58                lsm6dso_gy_full_scale_set
 .text.lsm6dso_gy_full_scale_get
                0x08003fa4       0x84 Drivers\BSP\Components\lsm6dso_reg.o
                0x08003fa4                lsm6dso_gy_full_scale_get
 .text.lsm6dso_gy_data_rate_set
                0x08004028       0x4c Drivers\BSP\Components\lsm6dso_reg.o
                0x08004028                lsm6dso_gy_data_rate_set
 .text.lsm6dso_gy_data_rate_get
                0x08004074       0xc4 Drivers\BSP\Components\lsm6dso_reg.o
                0x08004074                lsm6dso_gy_data_rate_get
 .text.lsm6dso_block_data_update_set
                0x08004138       0x4c Drivers\BSP\Components\lsm6dso_reg.o
                0x08004138                lsm6dso_block_data_update_set
 .text.lsm6dso_angular_rate_raw_get
                0x08004184       0x22 Drivers\BSP\Components\lsm6dso_reg.o
                0x08004184                lsm6dso_angular_rate_raw_get
 .text.lsm6dso_acceleration_raw_get
                0x080041a6       0x22 Drivers\BSP\Components\lsm6dso_reg.o
                0x080041a6                lsm6dso_acceleration_raw_get
 .text.lsm6dso_device_id_get
                0x080041c8       0x22 Drivers\BSP\Components\lsm6dso_reg.o
                0x080041c8                lsm6dso_device_id_get
 .text.lsm6dso_auto_increment_set
                0x080041ea       0x4c Drivers\BSP\Components\lsm6dso_reg.o
                0x080041ea                lsm6dso_auto_increment_set
 .text.lsm6dso_fifo_mode_set
                0x08004236       0x4c Drivers\BSP\Components\lsm6dso_reg.o
                0x08004236                lsm6dso_fifo_mode_set
 *fill*         0x08004282        0x2 
 .text.IKS01A3_MOTION_SENSOR_Init
                0x08004284      0x1ec Drivers\BSP\IKS01A3\iks01a3_motion_sensors.o
                0x08004284                IKS01A3_MOTION_SENSOR_Init
 .text.IKS01A3_MOTION_SENSOR_GetAxes
                0x08004470       0x88 Drivers\BSP\IKS01A3\iks01a3_motion_sensors.o
                0x08004470                IKS01A3_MOTION_SENSOR_GetAxes
 .text.LSM6DSO_0_Probe
                0x080044f8      0x178 Drivers\BSP\IKS01A3\iks01a3_motion_sensors.o
 .text.LIS2DW12_0_Probe
                0x08004670      0x148 Drivers\BSP\IKS01A3\iks01a3_motion_sensors.o
 .text.LIS2MDL_0_Probe
                0x080047b8      0x148 Drivers\BSP\IKS01A3\iks01a3_motion_sensors.o
 .text.SystemInit
                0x08004900       0x6c Drivers\CMSIS\system_stm32l4xx.o
                0x08004900                SystemInit
 .text.HAL_Init
                0x0800496c       0x40 Drivers\STM32L4xx_HAL_Driver\stm32l4xx_hal.o
                0x0800496c                HAL_Init
 .text.HAL_IncTick
                0x080049ac       0x24 Drivers\STM32L4xx_HAL_Driver\stm32l4xx_hal.o
                0x080049ac                HAL_IncTick
 .text.HAL_GetTick
                0x080049d0       0x18 Drivers\STM32L4xx_HAL_Driver\stm32l4xx_hal.o
                0x080049d0                HAL_GetTick
 .text.__NVIC_SetPriorityGrouping
                0x080049e8       0x48 Drivers\STM32L4xx_HAL_Driver\stm32l4xx_hal_cortex.o
 .text.__NVIC_GetPriorityGrouping
                0x08004a30       0x1c Drivers\STM32L4xx_HAL_Driver\stm32l4xx_hal_cortex.o
 .text.__NVIC_EnableIRQ
                0x08004a4c       0x3c Drivers\STM32L4xx_HAL_Driver\stm32l4xx_hal_cortex.o
 .text.__NVIC_SetPriority
                0x08004a88       0x54 Drivers\STM32L4xx_HAL_Driver\stm32l4xx_hal_cortex.o
 .text.NVIC_EncodePriority
                0x08004adc       0x62 Drivers\STM32L4xx_HAL_Driver\stm32l4xx_hal_cortex.o
 .text.HAL_NVIC_SetPriorityGrouping
                0x08004b3e       0x16 Drivers\STM32L4xx_HAL_Driver\stm32l4xx_hal_cortex.o
                0x08004b3e                HAL_NVIC_SetPriorityGrouping
 .text.HAL_NVIC_SetPriority
                0x08004b54       0x38 Drivers\STM32L4xx_HAL_Driver\stm32l4xx_hal_cortex.o
                0x08004b54                HAL_NVIC_SetPriority
 .text.HAL_NVIC_EnableIRQ
                0x08004b8c       0x1c Drivers\STM32L4xx_HAL_Driver\stm32l4xx_hal_cortex.o
                0x08004b8c                HAL_NVIC_EnableIRQ
 .text.HAL_GPIO_Init
                0x08004ba8      0x2f4 Drivers\STM32L4xx_HAL_Driver\stm32l4xx_hal_gpio.o
                0x08004ba8                HAL_GPIO_Init
 .text.HAL_GPIO_DeInit
                0x08004e9c      0x1b4 Drivers\STM32L4xx_HAL_Driver\stm32l4xx_hal_gpio.o
                0x08004e9c                HAL_GPIO_DeInit
 .text.HAL_GPIO_WritePin
                0x08005050       0x30 Drivers\STM32L4xx_HAL_Driver\stm32l4xx_hal_gpio.o
                0x08005050                HAL_GPIO_WritePin
 .text.HAL_GPIO_TogglePin
                0x08005080       0x32 Drivers\STM32L4xx_HAL_Driver\stm32l4xx_hal_gpio.o
                0x08005080                HAL_GPIO_TogglePin
 .text.HAL_I2C_Init
                0x080050b2      0x11c Drivers\STM32L4xx_HAL_Driver\stm32l4xx_hal_i2c.o
                0x080050b2                HAL_I2C_Init
 .text.HAL_I2C_DeInit
                0x080051ce       0x5e Drivers\STM32L4xx_HAL_Driver\stm32l4xx_hal_i2c.o
                0x080051ce                HAL_I2C_DeInit
 .text.HAL_I2C_MspInit
                0x0800522c       0x14 Drivers\STM32L4xx_HAL_Driver\stm32l4xx_hal_i2c.o
                0x0800522c                HAL_I2C_MspInit
 .text.HAL_I2C_MspDeInit
                0x08005240       0x14 Drivers\STM32L4xx_HAL_Driver\stm32l4xx_hal_i2c.o
                0x08005240                HAL_I2C_MspDeInit
 .text.HAL_I2C_Mem_Write
                0x08005254      0x228 Drivers\STM32L4xx_HAL_Driver\stm32l4xx_hal_i2c.o
                0x08005254                HAL_I2C_Mem_Write
 .text.HAL_I2C_Mem_Read
                0x0800547c      0x234 Drivers\STM32L4xx_HAL_Driver\stm32l4xx_hal_i2c.o
                0x0800547c                HAL_I2C_Mem_Read
 .text.HAL_I2C_GetState
                0x080056b0       0x1c Drivers\STM32L4xx_HAL_Driver\stm32l4xx_hal_i2c.o
                0x080056b0                HAL_I2C_GetState
 .text.HAL_I2C_GetError
                0x080056cc       0x18 Drivers\STM32L4xx_HAL_Driver\stm32l4xx_hal_i2c.o
                0x080056cc                HAL_I2C_GetError
 .text.I2C_RequestMemoryWrite
                0x080056e4       0xa8 Drivers\STM32L4xx_HAL_Driver\stm32l4xx_hal_i2c.o
 .text.I2C_RequestMemoryRead
                0x0800578c       0xa8 Drivers\STM32L4xx_HAL_Driver\stm32l4xx_hal_i2c.o
 .text.I2C_Flush_TXDR
                0x08005834       0x48 Drivers\STM32L4xx_HAL_Driver\stm32l4xx_hal_i2c.o
 .text.I2C_WaitOnFlagUntilTimeout
                0x0800587c       0x80 Drivers\STM32L4xx_HAL_Driver\stm32l4xx_hal_i2c.o
 .text.I2C_WaitOnTXISFlagUntilTimeout
                0x080058fc       0x80 Drivers\STM32L4xx_HAL_Driver\stm32l4xx_hal_i2c.o
 .text.I2C_WaitOnSTOPFlagUntilTimeout
                0x0800597c       0x78 Drivers\STM32L4xx_HAL_Driver\stm32l4xx_hal_i2c.o
 .text.I2C_IsAcknowledgeFailed
                0x080059f4       0xcc Drivers\STM32L4xx_HAL_Driver\stm32l4xx_hal_i2c.o
 .text.I2C_TransferConfig
                0x08005ac0       0x58 Drivers\STM32L4xx_HAL_Driver\stm32l4xx_hal_i2c.o
 .text.HAL_I2CEx_ConfigAnalogFilter
                0x08005b18       0x96 Drivers\STM32L4xx_HAL_Driver\stm32l4xx_hal_i2c_ex.o
                0x08005b18                HAL_I2CEx_ConfigAnalogFilter
 .text.HAL_I2CEx_ConfigDigitalFilter
                0x08005bae       0x98 Drivers\STM32L4xx_HAL_Driver\stm32l4xx_hal_i2c_ex.o
                0x08005bae                HAL_I2CEx_ConfigDigitalFilter
 *fill*         0x08005c46        0x2 
 .text.HAL_PWREx_GetVoltageRange
                0x08005c48       0x1c Drivers\STM32L4xx_HAL_Driver\stm32l4xx_hal_pwr_ex.o
                0x08005c48                HAL_PWREx_GetVoltageRange
 .text.HAL_PWREx_ControlVoltageScaling
                0x08005c64       0xac Drivers\STM32L4xx_HAL_Driver\stm32l4xx_hal_pwr_ex.o
                0x08005c64                HAL_PWREx_ControlVoltageScaling
 .text.HAL_RCC_OscConfig
                0x08005d10      0x7dc Drivers\STM32L4xx_HAL_Driver\stm32l4xx_hal_rcc.o
                0x08005d10                HAL_RCC_OscConfig
 .text.HAL_RCC_ClockConfig
                0x080064ec      0x1c4 Drivers\STM32L4xx_HAL_Driver\stm32l4xx_hal_rcc.o
                0x080064ec                HAL_RCC_ClockConfig
 .text.HAL_RCC_GetSysClockFreq
                0x080066b0      0x114 Drivers\STM32L4xx_HAL_Driver\stm32l4xx_hal_rcc.o
                0x080066b0                HAL_RCC_GetSysClockFreq
 .text.HAL_RCC_GetHCLKFreq
                0x080067c4       0x18 Drivers\STM32L4xx_HAL_Driver\stm32l4xx_hal_rcc.o
                0x080067c4                HAL_RCC_GetHCLKFreq
 .text.HAL_RCC_GetPCLK1Freq
                0x080067dc       0x2c Drivers\STM32L4xx_HAL_Driver\stm32l4xx_hal_rcc.o
                0x080067dc                HAL_RCC_GetPCLK1Freq
 .text.HAL_RCC_GetPCLK2Freq
                0x08006808       0x2c Drivers\STM32L4xx_HAL_Driver\stm32l4xx_hal_rcc.o
                0x08006808                HAL_RCC_GetPCLK2Freq
 .text.HAL_RCC_GetClockConfig
                0x08006834       0x64 Drivers\STM32L4xx_HAL_Driver\stm32l4xx_hal_rcc.o
                0x08006834                HAL_RCC_GetClockConfig
 .text.RCC_SetFlashLatencyFromMSIRange
                0x08006898       0xc0 Drivers\STM32L4xx_HAL_Driver\stm32l4xx_hal_rcc.o
 .text.HAL_RCCEx_PeriphCLKConfig
                0x08006958      0x4d4 Drivers\STM32L4xx_HAL_Driver\stm32l4xx_hal_rcc_ex.o
                0x08006958                HAL_RCCEx_PeriphCLKConfig
 .text.RCCEx_PLLSAI1_Config
                0x08006e2c      0x1e0 Drivers\STM32L4xx_HAL_Driver\stm32l4xx_hal_rcc_ex.o
 .text.HAL_TIM_Base_Init
                0x0800700c       0x56 Drivers\STM32L4xx_HAL_Driver\stm32l4xx_hal_tim.o
                0x0800700c                HAL_TIM_Base_Init
 .text.HAL_TIM_Base_MspInit
                0x08007062       0x14 Drivers\STM32L4xx_HAL_Driver\stm32l4xx_hal_tim.o
                0x08007062                HAL_TIM_Base_MspInit
 *fill*         0x08007076        0x2 
 .text.HAL_TIM_Base_Start_IT
                0x08007078       0x54 Drivers\STM32L4xx_HAL_Driver\stm32l4xx_hal_tim.o
                0x08007078                HAL_TIM_Base_Start_IT
 .text.HAL_TIM_IRQHandler
                0x080070cc      0x23e Drivers\STM32L4xx_HAL_Driver\stm32l4xx_hal_tim.o
                0x080070cc                HAL_TIM_IRQHandler
 .text.HAL_TIM_OC_DelayElapsedCallback
                0x0800730a       0x14 Drivers\STM32L4xx_HAL_Driver\stm32l4xx_hal_tim.o
                0x0800730a                HAL_TIM_OC_DelayElapsedCallback
 .text.HAL_TIM_IC_CaptureCallback
                0x0800731e       0x14 Drivers\STM32L4xx_HAL_Driver\stm32l4xx_hal_tim.o
                0x0800731e                HAL_TIM_IC_CaptureCallback
 .text.HAL_TIM_PWM_PulseFinishedCallback
                0x08007332       0x14 Drivers\STM32L4xx_HAL_Driver\stm32l4xx_hal_tim.o
                0x08007332                HAL_TIM_PWM_PulseFinishedCallback
 .text.HAL_TIM_TriggerCallback
                0x08007346       0x14 Drivers\STM32L4xx_HAL_Driver\stm32l4xx_hal_tim.o
                0x08007346                HAL_TIM_TriggerCallback
 *fill*         0x0800735a        0x2 
 .text.TIM_Base_SetConfig
                0x0800735c       0xdc Drivers\STM32L4xx_HAL_Driver\stm32l4xx_hal_tim.o
                0x0800735c                TIM_Base_SetConfig
 .text.HAL_TIMEx_CommutCallback
                0x08007438       0x14 Drivers\STM32L4xx_HAL_Driver\stm32l4xx_hal_tim_ex.o
                0x08007438                HAL_TIMEx_CommutCallback
 .text.HAL_TIMEx_BreakCallback
                0x0800744c       0x14 Drivers\STM32L4xx_HAL_Driver\stm32l4xx_hal_tim_ex.o
                0x0800744c                HAL_TIMEx_BreakCallback
 .text.HAL_TIMEx_Break2Callback
                0x08007460       0x14 Drivers\STM32L4xx_HAL_Driver\stm32l4xx_hal_tim_ex.o
                0x08007460                HAL_TIMEx_Break2Callback
 .text.HAL_UART_Init
                0x08007474       0x9c Drivers\STM32L4xx_HAL_Driver\stm32l4xx_hal_uart.o
                0x08007474                HAL_UART_Init
 .text.HAL_UART_Transmit
                0x08007510      0x126 Drivers\STM32L4xx_HAL_Driver\stm32l4xx_hal_uart.o
                0x08007510                HAL_UART_Transmit
 *fill*         0x08007636        0x2 
 .text.UART_SetConfig
                0x08007638      0x618 Drivers\STM32L4xx_HAL_Driver\stm32l4xx_hal_uart.o
                0x08007638                UART_SetConfig
 .text.UART_AdvFeatureConfig
                0x08007c50      0x144 Drivers\STM32L4xx_HAL_Driver\stm32l4xx_hal_uart.o
                0x08007c50                UART_AdvFeatureConfig
 .text.UART_CheckIdleState
                0x08007d94       0x8a Drivers\STM32L4xx_HAL_Driver\stm32l4xx_hal_uart.o
                0x08007d94                UART_CheckIdleState
 .text.UART_WaitOnFlagUntilTimeout
                0x08007e1e       0x90 Drivers\STM32L4xx_HAL_Driver\stm32l4xx_hal_uart.o
                0x08007e1e                UART_WaitOnFlagUntilTimeout
 .text.makeFreeRtosPriority
                0x08007eae       0x30 Middlewares\FreeRTOS\cmsis_os.o
 .text.osKernelStart
                0x08007ede        0xe Middlewares\FreeRTOS\cmsis_os.o
                0x08007ede                osKernelStart
 .text.osThreadCreate
                0x08007eec       0x4e Middlewares\FreeRTOS\cmsis_os.o
                0x08007eec                osThreadCreate
 .text.osDelay  0x08007f3a       0x28 Middlewares\FreeRTOS\cmsis_os.o
                0x08007f3a                osDelay
 *fill*         0x08007f62        0x2 
 .text.pvPortMalloc
                0x08007f64      0x184 Middlewares\FreeRTOS\heap_4.o
                0x08007f64                pvPortMalloc
 .text.vPortFree
                0x080080e8       0xb0 Middlewares\FreeRTOS\heap_4.o
                0x080080e8                vPortFree
 .text.xPortGetFreeHeapSize
                0x08008198       0x18 Middlewares\FreeRTOS\heap_4.o
                0x08008198                xPortGetFreeHeapSize
 .text.prvHeapInit
                0x080081b0       0xc4 Middlewares\FreeRTOS\heap_4.o
 .text.prvInsertBlockIntoFreeList
                0x08008274       0xb4 Middlewares\FreeRTOS\heap_4.o
 .text.vListInitialise
                0x08008328       0x40 Middlewares\FreeRTOS\list.o
                0x08008328                vListInitialise
 .text.vListInitialiseItem
                0x08008368       0x1a Middlewares\FreeRTOS\list.o
                0x08008368                vListInitialiseItem
 .text.vListInsertEnd
                0x08008382       0x48 Middlewares\FreeRTOS\list.o
                0x08008382                vListInsertEnd
 .text.vListInsert
                0x080083ca       0x72 Middlewares\FreeRTOS\list.o
                0x080083ca                vListInsert
 .text.uxListRemove
                0x0800843c       0x54 Middlewares\FreeRTOS\list.o
                0x0800843c                uxListRemove
 .text.pxPortInitialiseStack
                0x08008490       0x68 Middlewares\FreeRTOS\port.o
                0x08008490                pxPortInitialiseStack
 .text.prvTaskExitError
                0x080084f8       0x54 Middlewares\FreeRTOS\port.o
 *fill*         0x0800854c        0x4 
 .text.SVC_Handler
                0x08008550       0x28 Middlewares\FreeRTOS\port.o
                0x08008550                SVC_Handler
 .text.prvPortStartFirstTask
                0x08008578       0x28 Middlewares\FreeRTOS\port.o
 .text.xPortStartScheduler
                0x080085a0      0x13c Middlewares\FreeRTOS\port.o
                0x080085a0                xPortStartScheduler
 .text.vPortEnterCritical
                0x080086dc       0x5c Middlewares\FreeRTOS\port.o
                0x080086dc                vPortEnterCritical
 .text.vPortExitCritical
                0x08008738       0x50 Middlewares\FreeRTOS\port.o
                0x08008738                vPortExitCritical
 *fill*         0x08008788        0x8 
 .text.PendSV_Handler
                0x08008790       0x68 Middlewares\FreeRTOS\port.o
                0x08008790                PendSV_Handler
 .text.SysTick_Handler
                0x080087f8       0x40 Middlewares\FreeRTOS\port.o
                0x080087f8                SysTick_Handler
 .text.vPortSetupTimerInterrupt
                0x08008838       0x48 Middlewares\FreeRTOS\port.o
                0x08008838                vPortSetupTimerInterrupt
 .text.vPortEnableVFP
                0x08008880       0x14 Middlewares\FreeRTOS\port.o
 .text.xQueueGenericReset
                0x08008894       0xd0 Middlewares\FreeRTOS\queue.o
                0x08008894                xQueueGenericReset
 .text.xQueueGenericCreate
                0x08008964       0x72 Middlewares\FreeRTOS\queue.o
                0x08008964                xQueueGenericCreate
 .text.prvInitialiseNewQueue
                0x080089d6       0x3e Middlewares\FreeRTOS\queue.o
 .text.prvInitialiseMutex
                0x08008a14       0x34 Middlewares\FreeRTOS\queue.o
 .text.xQueueCreateMutex
                0x08008a48       0x30 Middlewares\FreeRTOS\queue.o
                0x08008a48                xQueueCreateMutex
 .text.xQueueGenericSend
                0x08008a78      0x1f4 Middlewares\FreeRTOS\queue.o
                0x08008a78                xQueueGenericSend
 .text.xQueueReceive
                0x08008c6c      0x1b8 Middlewares\FreeRTOS\queue.o
                0x08008c6c                xQueueReceive
 .text.prvCopyDataToQueue
                0x08008e24       0xd4 Middlewares\FreeRTOS\queue.o
 .text.prvCopyDataFromQueue
                0x08008ef8       0x4c Middlewares\FreeRTOS\queue.o
 .text.prvUnlockQueue
                0x08008f44       0xa4 Middlewares\FreeRTOS\queue.o
 .text.prvIsQueueEmpty
                0x08008fe8       0x2c Middlewares\FreeRTOS\queue.o
 .text.prvIsQueueFull
                0x08009014       0x30 Middlewares\FreeRTOS\queue.o
 .text.xTaskCreate
                0x08009044       0x82 Middlewares\FreeRTOS\tasks.o
                0x08009044                xTaskCreate
 .text.prvInitialiseNewTask
                0x080090c6       0xfc Middlewares\FreeRTOS\tasks.o
 *fill*         0x080091c2        0x2 
 .text.prvAddNewTaskToReadyList
                0x080091c4       0xd4 Middlewares\FreeRTOS\tasks.o
 .text.vTaskDelayUntil
                0x08009298       0xf4 Middlewares\FreeRTOS\tasks.o
                0x08009298                vTaskDelayUntil
 .text.vTaskDelay
                0x0800938c       0x68 Middlewares\FreeRTOS\tasks.o
                0x0800938c                vTaskDelay
 .text.vTaskStartScheduler
                0x080093f4       0x8c Middlewares\FreeRTOS\tasks.o
                0x080093f4                vTaskStartScheduler
 .text.vTaskSuspendAll
                0x08009480       0x1c Middlewares\FreeRTOS\tasks.o
                0x08009480                vTaskSuspendAll
 .text.xTaskResumeAll
                0x0800949c      0x138 Middlewares\FreeRTOS\tasks.o
                0x0800949c                xTaskResumeAll
 .text.xTaskGetTickCount
                0x080095d4       0x20 Middlewares\FreeRTOS\tasks.o
                0x080095d4                xTaskGetTickCount
 .text.xTaskIncrementTick
                0x080095f4      0x178 Middlewares\FreeRTOS\tasks.o
                0x080095f4                xTaskIncrementTick
 .text.vTaskSwitchContext
                0x0800976c       0xb4 Middlewares\FreeRTOS\tasks.o
                0x0800976c                vTaskSwitchContext
 .text.vTaskPlaceOnEventList
                0x08009820       0x48 Middlewares\FreeRTOS\tasks.o
                0x08009820                vTaskPlaceOnEventList
 .text.xTaskRemoveFromEventList
                0x08009868       0xc4 Middlewares\FreeRTOS\tasks.o
                0x08009868                xTaskRemoveFromEventList
 .text.vTaskInternalSetTimeOutState
                0x0800992c       0x2c Middlewares\FreeRTOS\tasks.o
                0x0800992c                vTaskInternalSetTimeOutState
 .text.xTaskCheckForTimeOut
                0x08009958       0xc0 Middlewares\FreeRTOS\tasks.o
                0x08009958                xTaskCheckForTimeOut
 .text.vTaskMissedYield
                0x08009a18       0x18 Middlewares\FreeRTOS\tasks.o
                0x08009a18                vTaskMissedYield
 .text.prvIdleTask
                0x08009a30       0x30 Middlewares\FreeRTOS\tasks.o
 .text.prvInitialiseTaskLists
                0x08009a60       0x80 Middlewares\FreeRTOS\tasks.o
 .text.prvCheckTasksWaitingTermination
                0x08009ae0       0x58 Middlewares\FreeRTOS\tasks.o
 .text.prvDeleteTCB
                0x08009b38       0x20 Middlewares\FreeRTOS\tasks.o
 .text.prvResetNextTaskUnblockTime
                0x08009b58       0x4c Middlewares\FreeRTOS\tasks.o
 .text.xTaskGetSchedulerState
                0x08009ba4       0x3c Middlewares\FreeRTOS\tasks.o
                0x08009ba4                xTaskGetSchedulerState
 .text.xTaskPriorityDisinherit
                0x08009be0      0x108 Middlewares\FreeRTOS\tasks.o
                0x08009be0                xTaskPriorityDisinherit
 .text.prvAddCurrentTaskToDelayedList
                0x08009ce8       0xcc Middlewares\FreeRTOS\tasks.o
 .text.__errno  0x08009db4        0xc c:/program files (x86)/atollic/truestudio for stm32 9.3.0/armtools/bin/../lib/gcc/arm-atollic-eabi/6.3.1/../../../../arm-atollic-eabi/lib/armv7e-m/fpu\libc_nano.a(lib_a-errno.o)
                0x08009db4                __errno
 .text.__libc_init_array
                0x08009dc0       0x48 c:/program files (x86)/atollic/truestudio for stm32 9.3.0/armtools/bin/../lib/gcc/arm-atollic-eabi/6.3.1/../../../../arm-atollic-eabi/lib/armv7e-m/fpu\libc_nano.a(lib_a-init.o)
                0x08009dc0                __libc_init_array
 .text.memcpy   0x08009e08       0x16 c:/program files (x86)/atollic/truestudio for stm32 9.3.0/armtools/bin/../lib/gcc/arm-atollic-eabi/6.3.1/../../../../arm-atollic-eabi/lib/armv7e-m/fpu\libc_nano.a(lib_a-memcpy-stub.o)
                0x08009e08                memcpy
 .text.memset   0x08009e1e       0x10 c:/program files (x86)/atollic/truestudio for stm32 9.3.0/armtools/bin/../lib/gcc/arm-atollic-eabi/6.3.1/../../../../arm-atollic-eabi/lib/armv7e-m/fpu\libc_nano.a(lib_a-memset.o)
                0x08009e1e                memset
 *fill*         0x08009e2e        0x2 
 .text.sprintf  0x08009e30       0x48 c:/program files (x86)/atollic/truestudio for stm32 9.3.0/armtools/bin/../lib/gcc/arm-atollic-eabi/6.3.1/../../../../arm-atollic-eabi/lib/armv7e-m/fpu\libc_nano.a(lib_a-sprintf.o)
                0x08009e30                siprintf
                0x08009e30                sprintf
 .text.__ssputs_r
                0x08009e78       0xb6 c:/program files (x86)/atollic/truestudio for stm32 9.3.0/armtools/bin/../lib/gcc/arm-atollic-eabi/6.3.1/../../../../arm-atollic-eabi/lib/armv7e-m/fpu\libc_nano.a(lib_a-nano-svfprintf.o)
                0x08009e78                __ssputs_r
 *fill*         0x08009f2e        0x2 
 .text._svfprintf_r
                0x08009f30      0x1e8 c:/program files (x86)/atollic/truestudio for stm32 9.3.0/armtools/bin/../lib/gcc/arm-atollic-eabi/6.3.1/../../../../arm-atollic-eabi/lib/armv7e-m/fpu\libc_nano.a(lib_a-nano-svfprintf.o)
                0x08009f30                _svfiprintf_r
                0x08009f30                _svfprintf_r
 .text._printf_common
                0x0800a118       0xec c:/program files (x86)/atollic/truestudio for stm32 9.3.0/armtools/bin/../lib/gcc/arm-atollic-eabi/6.3.1/../../../../arm-atollic-eabi/lib/armv7e-m/fpu\libc_nano.a(lib_a-nano-vfprintf_i.o)
                0x0800a118                _printf_common
 .text._printf_i
                0x0800a204      0x240 c:/program files (x86)/atollic/truestudio for stm32 9.3.0/armtools/bin/../lib/gcc/arm-atollic-eabi/6.3.1/../../../../arm-atollic-eabi/lib/armv7e-m/fpu\libc_nano.a(lib_a-nano-vfprintf_i.o)
                0x0800a204                _printf_i
 .text.memmove  0x0800a444       0x34 c:/program files (x86)/atollic/truestudio for stm32 9.3.0/armtools/bin/../lib/gcc/arm-atollic-eabi/6.3.1/../../../../arm-atollic-eabi/lib/armv7e-m/fpu\libc_nano.a(lib_a-memmove.o)
                0x0800a444                memmove
 .text._free_r  0x0800a478       0x9c c:/program files (x86)/atollic/truestudio for stm32 9.3.0/armtools/bin/../lib/gcc/arm-atollic-eabi/6.3.1/../../../../arm-atollic-eabi/lib/armv7e-m/fpu\libc_nano.a(lib_a-nano-freer.o)
                0x0800a478                _free_r
 .text._malloc_r
                0x0800a514       0xbc c:/program files (x86)/atollic/truestudio for stm32 9.3.0/armtools/bin/../lib/gcc/arm-atollic-eabi/6.3.1/../../../../arm-atollic-eabi/lib/armv7e-m/fpu\libc_nano.a(lib_a-nano-mallocr.o)
                0x0800a514                _malloc_r
 .text._realloc_r
                0x0800a5d0       0x4c c:/program files (x86)/atollic/truestudio for stm32 9.3.0/armtools/bin/../lib/gcc/arm-atollic-eabi/6.3.1/../../../../arm-atollic-eabi/lib/armv7e-m/fpu\libc_nano.a(lib_a-nano-reallocr.o)
                0x0800a5d0                _realloc_r
 .text._sbrk_r  0x0800a61c       0x20 c:/program files (x86)/atollic/truestudio for stm32 9.3.0/armtools/bin/../lib/gcc/arm-atollic-eabi/6.3.1/../../../../arm-atollic-eabi/lib/armv7e-m/fpu\libc_nano.a(lib_a-sbrkr.o)
                0x0800a61c                _sbrk_r
 .text.__malloc_lock
                0x0800a63c        0x2 c:/program files (x86)/atollic/truestudio for stm32 9.3.0/armtools/bin/../lib/gcc/arm-atollic-eabi/6.3.1/../../../../arm-atollic-eabi/lib/armv7e-m/fpu\libc_nano.a(lib_a-mlock.o)
                0x0800a63c                __malloc_lock
 .text.__malloc_unlock
                0x0800a63e        0x2 c:/program files (x86)/atollic/truestudio for stm32 9.3.0/armtools/bin/../lib/gcc/arm-atollic-eabi/6.3.1/../../../../arm-atollic-eabi/lib/armv7e-m/fpu\libc_nano.a(lib_a-mlock.o)
                0x0800a63e                __malloc_unlock
 .text._malloc_usable_size_r
                0x0800a640       0x12 c:/program files (x86)/atollic/truestudio for stm32 9.3.0/armtools/bin/../lib/gcc/arm-atollic-eabi/6.3.1/../../../../arm-atollic-eabi/lib/armv7e-m/fpu\libc_nano.a(lib_a-nano-msizer.o)
                0x0800a640                _malloc_usable_size_r
 *(.glue_7)
 .glue_7        0x0800a652        0x0 linker stubs
 *(.glue_7t)
 .glue_7t       0x0800a652        0x0 linker stubs
 *(.eh_frame)
 *fill*         0x0800a652        0x2 
 .eh_frame      0x0800a654        0x0 c:/program files (x86)/atollic/truestudio for stm32 9.3.0/armtools/bin/../lib/gcc/arm-atollic-eabi/6.3.1/armv7e-m/fpu/crtbegin.o
 *(.init)
 .init          0x0800a654        0x4 c:/program files (x86)/atollic/truestudio for stm32 9.3.0/armtools/bin/../lib/gcc/arm-atollic-eabi/6.3.1/armv7e-m/fpu/crti.o
                0x0800a654                _init
 .init          0x0800a658        0x8 c:/program files (x86)/atollic/truestudio for stm32 9.3.0/armtools/bin/../lib/gcc/arm-atollic-eabi/6.3.1/armv7e-m/fpu/crtn.o
 *(.fini)
 .fini          0x0800a660        0x4 c:/program files (x86)/atollic/truestudio for stm32 9.3.0/armtools/bin/../lib/gcc/arm-atollic-eabi/6.3.1/armv7e-m/fpu/crti.o
                0x0800a660                _fini
 .fini          0x0800a664        0x8 c:/program files (x86)/atollic/truestudio for stm32 9.3.0/armtools/bin/../lib/gcc/arm-atollic-eabi/6.3.1/armv7e-m/fpu/crtn.o
                0x0800a66c                . = ALIGN (0x4)
                0x0800a66c                _etext = .

.vfp11_veneer   0x0800a66c        0x0
 .vfp11_veneer  0x0800a66c        0x0 linker stubs

.v4_bx          0x0800a66c        0x0
 .v4_bx         0x0800a66c        0x0 linker stubs

.iplt           0x0800a66c        0x0
 .iplt          0x0800a66c        0x0 c:/program files (x86)/atollic/truestudio for stm32 9.3.0/armtools/bin/../lib/gcc/arm-atollic-eabi/6.3.1/armv7e-m/fpu/crtbegin.o

.rodata         0x0800a66c       0xe0
                0x0800a66c                . = ALIGN (0x4)
 *(.rodata)
 .rodata        0x0800a66c       0x5b Application\User\main.o
 *fill*         0x0800a6c7        0x1 
 .rodata        0x0800a6c8        0x5 Middlewares\FreeRTOS\tasks.o
 *(.rodata*)
 *fill*         0x0800a6cd        0x3 
 .rodata.AHBPrescTable
                0x0800a6d0       0x10 Drivers\CMSIS\system_stm32l4xx.o
                0x0800a6d0                AHBPrescTable
 .rodata.APBPrescTable
                0x0800a6e0        0x8 Drivers\CMSIS\system_stm32l4xx.o
                0x0800a6e0                APBPrescTable
 .rodata.MSIRangeTable
                0x0800a6e8       0x30 Drivers\CMSIS\system_stm32l4xx.o
                0x0800a6e8                MSIRangeTable
 .rodata._svfprintf_r.str1.1
                0x0800a718       0x11 c:/program files (x86)/atollic/truestudio for stm32 9.3.0/armtools/bin/../lib/gcc/arm-atollic-eabi/6.3.1/../../../../arm-atollic-eabi/lib/armv7e-m/fpu\libc_nano.a(lib_a-nano-svfprintf.o)
 .rodata._printf_i.str1.1
                0x0800a729       0x22 c:/program files (x86)/atollic/truestudio for stm32 9.3.0/armtools/bin/../lib/gcc/arm-atollic-eabi/6.3.1/../../../../arm-atollic-eabi/lib/armv7e-m/fpu\libc_nano.a(lib_a-nano-vfprintf_i.o)
                0x0800a74c                . = ALIGN (0x4)
 *fill*         0x0800a74b        0x1 

.ARM.extab
 *(.ARM.extab* .gnu.linkonce.armextab.*)

.ARM            0x0800a74c        0x8
                0x0800a74c                __exidx_start = .
 *(.ARM.exidx*)
 .ARM.exidx     0x0800a74c        0x8 c:/program files (x86)/atollic/truestudio for stm32 9.3.0/armtools/bin/../lib/gcc/arm-atollic-eabi/6.3.1/armv7e-m/fpu\libgcc.a(_udivmoddi4.o)
                0x0800a754                __exidx_end = .

.rel.dyn        0x0800a754        0x0
 .rel.iplt      0x0800a754        0x0 c:/program files (x86)/atollic/truestudio for stm32 9.3.0/armtools/bin/../lib/gcc/arm-atollic-eabi/6.3.1/armv7e-m/fpu/crtbegin.o

.preinit_array  0x0800a754        0x0
                0x0800a754                PROVIDE (__preinit_array_start, .)
 *(.preinit_array*)
                0x0800a754                PROVIDE (__preinit_array_end, .)

.init_array     0x0800a754        0x4
                0x0800a754                PROVIDE (__init_array_start, .)
 *(SORT(.init_array.*))
 *(.init_array*)
 .init_array    0x0800a754        0x4 c:/program files (x86)/atollic/truestudio for stm32 9.3.0/armtools/bin/../lib/gcc/arm-atollic-eabi/6.3.1/armv7e-m/fpu/crtbegin.o
                0x0800a758                PROVIDE (__init_array_end, .)

.fini_array     0x0800a758        0x4
                [!provide]                PROVIDE (__fini_array_start, .)
 *(SORT(.fini_array.*))
 *(.fini_array*)
 .fini_array    0x0800a758        0x4 c:/program files (x86)/atollic/truestudio for stm32 9.3.0/armtools/bin/../lib/gcc/arm-atollic-eabi/6.3.1/armv7e-m/fpu/crtbegin.o
                [!provide]                PROVIDE (__fini_array_end, .)
                0x0800a75c                _sidata = LOADADDR (.data)

.data           0x20000000      0x148 load address 0x0800a75c
                0x20000000                . = ALIGN (0x4)
                0x20000000                _sdata = .
 *(.data)
 *(.data*)
 .data.LIS2DW12_COMMON_Driver
                0x20000000       0x10 Drivers\BSP\Components\lis2dw12.o
                0x20000000                LIS2DW12_COMMON_Driver
 .data.LIS2DW12_ACC_Driver
                0x20000010       0x24 Drivers\BSP\Components\lis2dw12.o
                0x20000010                LIS2DW12_ACC_Driver
 .data.LIS2MDL_COMMON_Driver
                0x20000034       0x10 Drivers\BSP\Components\lis2mdl.o
                0x20000034                LIS2MDL_COMMON_Driver
 .data.LIS2MDL_MAG_Driver
                0x20000044       0x24 Drivers\BSP\Components\lis2mdl.o
                0x20000044                LIS2MDL_MAG_Driver
 .data.LSM6DSO_COMMON_Driver
                0x20000068       0x10 Drivers\BSP\Components\lsm6dso.o
                0x20000068                LSM6DSO_COMMON_Driver
 .data.LSM6DSO_ACC_Driver
                0x20000078       0x24 Drivers\BSP\Components\lsm6dso.o
                0x20000078                LSM6DSO_ACC_Driver
 .data.LSM6DSO_GYRO_Driver
                0x2000009c       0x24 Drivers\BSP\Components\lsm6dso.o
                0x2000009c                LSM6DSO_GYRO_Driver
 .data.FunctionIndex
                0x200000c0       0x14 Drivers\BSP\IKS01A3\iks01a3_motion_sensors.o
 .data.SystemCoreClock
                0x200000d4        0x4 Drivers\CMSIS\system_stm32l4xx.o
                0x200000d4                SystemCoreClock
 .data.uwTickPrio
                0x200000d8        0x4 Drivers\STM32L4xx_HAL_Driver\stm32l4xx_hal.o
                0x200000d8                uwTickPrio
 .data.uwTickFreq
                0x200000dc        0x4 Drivers\STM32L4xx_HAL_Driver\stm32l4xx_hal.o
                0x200000dc                uwTickFreq
 .data.uxCriticalNesting
                0x200000e0        0x4 Middlewares\FreeRTOS\port.o
 .data._impure_ptr
                0x200000e4        0x4 c:/program files (x86)/atollic/truestudio for stm32 9.3.0/armtools/bin/../lib/gcc/arm-atollic-eabi/6.3.1/../../../../arm-atollic-eabi/lib/armv7e-m/fpu\libc_nano.a(lib_a-impure.o)
                0x200000e4                _impure_ptr
 .data.impure_data
                0x200000e8       0x60 c:/program files (x86)/atollic/truestudio for stm32 9.3.0/armtools/bin/../lib/gcc/arm-atollic-eabi/6.3.1/../../../../arm-atollic-eabi/lib/armv7e-m/fpu\libc_nano.a(lib_a-impure.o)
                0x20000148                . = ALIGN (0x4)
                0x20000148                _edata = .

.igot.plt       0x20000148        0x0 load address 0x0800a8a4
 .igot.plt      0x20000148        0x0 c:/program files (x86)/atollic/truestudio for stm32 9.3.0/armtools/bin/../lib/gcc/arm-atollic-eabi/6.3.1/armv7e-m/fpu/crtbegin.o
                0x20000148                . = ALIGN (0x4)

.bss            0x20000148     0x78b0 load address 0x0800a8a4
                0x20000148                _sbss = .
                0x20000148                __bss_start__ = _sbss
 *(.bss)
 .bss           0x20000148       0x1c c:/program files (x86)/atollic/truestudio for stm32 9.3.0/armtools/bin/../lib/gcc/arm-atollic-eabi/6.3.1/armv7e-m/fpu/crtbegin.o
 *(.bss*)
 .bss.heap_end.7010
                0x20000164        0x4 Application\TrueSTUDIO\syscalls.o
 .bss.dataQueueHandle
                0x20000168        0x4 Application\User\main.o
                0x20000168                dataQueueHandle
 .bss.vTaskLEDHandle
                0x2000016c        0x4 Application\User\main.o
                0x2000016c                vTaskLEDHandle
 .bss.vTaskReadDataHandle
                0x20000170        0x4 Application\User\main.o
                0x20000170                vTaskReadDataHandle
 .bss.I2C1InitCounter
                0x20000174        0x4 Application\User\stm32l4xx_nucleo_bus.o
 .bss.MotionFuncDrv
                0x20000178       0x24 Drivers\BSP\IKS01A3\iks01a3_motion_sensors.o
 .bss.MotionDrv
                0x2000019c        0xc Drivers\BSP\IKS01A3\iks01a3_motion_sensors.o
 .bss.MotionCtx
                0x200001a8        0xc Drivers\BSP\IKS01A3\iks01a3_motion_sensors.o
 .bss.lsm6dso_obj_0.13995
                0x200001b4       0x30 Drivers\BSP\IKS01A3\iks01a3_motion_sensors.o
 .bss.lis2dw12_obj_0.14003
                0x200001e4       0x34 Drivers\BSP\IKS01A3\iks01a3_motion_sensors.o
 .bss.lis2mdl_obj_0.14011
                0x20000218       0x2c Drivers\BSP\IKS01A3\iks01a3_motion_sensors.o
 .bss.ucHeap    0x20000244     0x7530 Middlewares\FreeRTOS\heap_4.o
 .bss.xStart    0x20007774        0x8 Middlewares\FreeRTOS\heap_4.o
 .bss.pxEnd     0x2000777c        0x4 Middlewares\FreeRTOS\heap_4.o
 .bss.xFreeBytesRemaining
                0x20007780        0x4 Middlewares\FreeRTOS\heap_4.o
 .bss.xMinimumEverFreeBytesRemaining
                0x20007784        0x4 Middlewares\FreeRTOS\heap_4.o
 .bss.xBlockAllocatedBit
                0x20007788        0x4 Middlewares\FreeRTOS\heap_4.o
 .bss.ucMaxSysCallPriority
                0x2000778c        0x1 Middlewares\FreeRTOS\port.o
 *fill*         0x2000778d        0x3 
 .bss.ulMaxPRIGROUPValue
                0x20007790        0x4 Middlewares\FreeRTOS\port.o
 .bss.pxCurrentTCB
                0x20007794        0x4 Middlewares\FreeRTOS\tasks.o
                0x20007794                pxCurrentTCB
 .bss.pxReadyTasksLists
                0x20007798       0x8c Middlewares\FreeRTOS\tasks.o
 .bss.xDelayedTaskList1
                0x20007824       0x14 Middlewares\FreeRTOS\tasks.o
 .bss.xDelayedTaskList2
                0x20007838       0x14 Middlewares\FreeRTOS\tasks.o
 .bss.pxDelayedTaskList
                0x2000784c        0x4 Middlewares\FreeRTOS\tasks.o
 .bss.pxOverflowDelayedTaskList
                0x20007850        0x4 Middlewares\FreeRTOS\tasks.o
 .bss.xPendingReadyList
                0x20007854       0x14 Middlewares\FreeRTOS\tasks.o
 .bss.xTasksWaitingTermination
                0x20007868       0x14 Middlewares\FreeRTOS\tasks.o
 .bss.uxDeletedTasksWaitingCleanUp
                0x2000787c        0x4 Middlewares\FreeRTOS\tasks.o
 .bss.xSuspendedTaskList
                0x20007880       0x14 Middlewares\FreeRTOS\tasks.o
 .bss.uxCurrentNumberOfTasks
                0x20007894        0x4 Middlewares\FreeRTOS\tasks.o
 .bss.xTickCount
                0x20007898        0x4 Middlewares\FreeRTOS\tasks.o
 .bss.uxTopReadyPriority
                0x2000789c        0x4 Middlewares\FreeRTOS\tasks.o
 .bss.xSchedulerRunning
                0x200078a0        0x4 Middlewares\FreeRTOS\tasks.o
 .bss.uxPendedTicks
                0x200078a4        0x4 Middlewares\FreeRTOS\tasks.o
 .bss.xYieldPending
                0x200078a8        0x4 Middlewares\FreeRTOS\tasks.o
 .bss.xNumOfOverflows
                0x200078ac        0x4 Middlewares\FreeRTOS\tasks.o
 .bss.uxTaskNumber
                0x200078b0        0x4 Middlewares\FreeRTOS\tasks.o
 .bss.xNextTaskUnblockTime
                0x200078b4        0x4 Middlewares\FreeRTOS\tasks.o
 .bss.xIdleTaskHandle
                0x200078b8        0x4 Middlewares\FreeRTOS\tasks.o
 .bss.uxSchedulerSuspended
                0x200078bc        0x4 Middlewares\FreeRTOS\tasks.o
 .bss.__malloc_free_list
                0x200078c0        0x4 c:/program files (x86)/atollic/truestudio for stm32 9.3.0/armtools/bin/../lib/gcc/arm-atollic-eabi/6.3.1/../../../../arm-atollic-eabi/lib/armv7e-m/fpu\libc_nano.a(lib_a-nano-mallocr.o)
                0x200078c0                __malloc_free_list
 .bss.__malloc_sbrk_start
                0x200078c4        0x4 c:/program files (x86)/atollic/truestudio for stm32 9.3.0/armtools/bin/../lib/gcc/arm-atollic-eabi/6.3.1/../../../../arm-atollic-eabi/lib/armv7e-m/fpu\libc_nano.a(lib_a-nano-mallocr.o)
                0x200078c4                __malloc_sbrk_start
 *(COMMON)
 COMMON         0x200078c8       0x90 Application\User\main.o
                0x200078c8                defaultTaskHandle
                0x200078cc                freespace2
                0x200078d0                freespace1
                0x200078d4                xMutex
                0x200078d8                huart2
 COMMON         0x20007958       0x40 Application\User\stm32l4xx_hal_timebase_tim.o
                0x20007958                htim1
 COMMON         0x20007998       0x4c Application\User\stm32l4xx_nucleo_bus.o
                0x20007998                hi2c1
 COMMON         0x200079e4        0xc Drivers\BSP\IKS01A3\iks01a3_motion_sensors.o
                0x200079e4                MotionCompObj
 COMMON         0x200079f0        0x4 Drivers\STM32L4xx_HAL_Driver\stm32l4xx_hal.o
                0x200079f0                uwTick
 COMMON         0x200079f4        0x4 c:/program files (x86)/atollic/truestudio for stm32 9.3.0/armtools/bin/../lib/gcc/arm-atollic-eabi/6.3.1/../../../../arm-atollic-eabi/lib/armv7e-m/fpu\libc_nano.a(lib_a-reent.o)
                0x200079f4                errno
                0x200079f8                . = ALIGN (0x4)
                0x200079f8                _ebss = .
                0x200079f8                __bss_end__ = _ebss

._user_heap_stack
                0x200079f8      0x600 load address 0x0800a8a4
                0x200079f8                . = ALIGN (0x4)
                0x200079f8                PROVIDE (end, .)
                [!provide]                PROVIDE (_end, .)
                0x20007bf8                . = (. + _Min_Heap_Size)
 *fill*         0x200079f8      0x200 
                0x20007ff8                . = (. + _Min_Stack_Size)
 *fill*         0x20007bf8      0x400 
                0x20007ff8                . = ALIGN (0x4)

/DISCARD/
 libc.a(*)
 libm.a(*)
 libgcc.a(*)

.ARM.attributes
                0x00000000       0x30
 *(.ARM.attributes)
 .ARM.attributes
                0x00000000       0x22 c:/program files (x86)/atollic/truestudio for stm32 9.3.0/armtools/bin/../lib/gcc/arm-atollic-eabi/6.3.1/armv7e-m/fpu/crti.o
 .ARM.attributes
                0x00000022       0x34 c:/program files (x86)/atollic/truestudio for stm32 9.3.0/armtools/bin/../lib/gcc/arm-atollic-eabi/6.3.1/armv7e-m/fpu/crtbegin.o
 .ARM.attributes
                0x00000056       0x21 Application\TrueSTUDIO\startup_stm32l452xx.o
 .ARM.attributes
                0x00000077       0x39 Application\TrueSTUDIO\syscalls.o
 .ARM.attributes
                0x000000b0       0x39 Application\User\app_x-cube-mems1.o
 .ARM.attributes
                0x000000e9       0x39 Application\User\main.o
 .ARM.attributes
                0x00000122       0x39 Application\User\stm32l4xx_hal_msp.o
 .ARM.attributes
                0x0000015b       0x39 Application\User\stm32l4xx_hal_timebase_tim.o
 .ARM.attributes
                0x00000194       0x39 Application\User\stm32l4xx_it.o
 .ARM.attributes
                0x000001cd       0x39 Application\User\stm32l4xx_nucleo_bus.o
 .ARM.attributes
                0x00000206       0x39 Drivers\BSP\Components\lis2dw12.o
 .ARM.attributes
                0x0000023f       0x39 Drivers\BSP\Components\lis2dw12_reg.o
 .ARM.attributes
                0x00000278       0x39 Drivers\BSP\Components\lis2mdl.o
 .ARM.attributes
                0x000002b1       0x39 Drivers\BSP\Components\lis2mdl_reg.o
 .ARM.attributes
                0x000002ea       0x39 Drivers\BSP\Components\lsm6dso.o
 .ARM.attributes
                0x00000323       0x39 Drivers\BSP\Components\lsm6dso_reg.o
 .ARM.attributes
                0x0000035c       0x39 Drivers\BSP\IKS01A3\iks01a3_motion_sensors.o
 .ARM.attributes
                0x00000395       0x39 Drivers\CMSIS\system_stm32l4xx.o
 .ARM.attributes
                0x000003ce       0x39 Drivers\STM32L4xx_HAL_Driver\stm32l4xx_hal.o
 .ARM.attributes
                0x00000407       0x39 Drivers\STM32L4xx_HAL_Driver\stm32l4xx_hal_cortex.o
 .ARM.attributes
                0x00000440       0x39 Drivers\STM32L4xx_HAL_Driver\stm32l4xx_hal_gpio.o
 .ARM.attributes
                0x00000479       0x39 Drivers\STM32L4xx_HAL_Driver\stm32l4xx_hal_i2c.o
 .ARM.attributes
                0x000004b2       0x39 Drivers\STM32L4xx_HAL_Driver\stm32l4xx_hal_i2c_ex.o
 .ARM.attributes
                0x000004eb       0x39 Drivers\STM32L4xx_HAL_Driver\stm32l4xx_hal_pwr_ex.o
 .ARM.attributes
                0x00000524       0x39 Drivers\STM32L4xx_HAL_Driver\stm32l4xx_hal_rcc.o
 .ARM.attributes
                0x0000055d       0x39 Drivers\STM32L4xx_HAL_Driver\stm32l4xx_hal_rcc_ex.o
 .ARM.attributes
                0x00000596       0x39 Drivers\STM32L4xx_HAL_Driver\stm32l4xx_hal_tim.o
 .ARM.attributes
                0x000005cf       0x39 Drivers\STM32L4xx_HAL_Driver\stm32l4xx_hal_tim_ex.o
 .ARM.attributes
                0x00000608       0x39 Drivers\STM32L4xx_HAL_Driver\stm32l4xx_hal_uart.o
 .ARM.attributes
                0x00000641       0x39 Middlewares\FreeRTOS\cmsis_os.o
 .ARM.attributes
                0x0000067a       0x39 Middlewares\FreeRTOS\heap_4.o
 .ARM.attributes
                0x000006b3       0x39 Middlewares\FreeRTOS\list.o
 .ARM.attributes
                0x000006ec       0x39 Middlewares\FreeRTOS\port.o
 .ARM.attributes
                0x00000725       0x39 Middlewares\FreeRTOS\queue.o
 .ARM.attributes
                0x0000075e       0x39 Middlewares\FreeRTOS\tasks.o
 .ARM.attributes
                0x00000797       0x34 c:/program files (x86)/atollic/truestudio for stm32 9.3.0/armtools/bin/../lib/gcc/arm-atollic-eabi/6.3.1/../../../../arm-atollic-eabi/lib/armv7e-m/fpu\libc_nano.a(lib_a-errno.o)
 .ARM.attributes
                0x000007cb       0x34 c:/program files (x86)/atollic/truestudio for stm32 9.3.0/armtools/bin/../lib/gcc/arm-atollic-eabi/6.3.1/../../../../arm-atollic-eabi/lib/armv7e-m/fpu\libc_nano.a(lib_a-impure.o)
 .ARM.attributes
                0x000007ff       0x34 c:/program files (x86)/atollic/truestudio for stm32 9.3.0/armtools/bin/../lib/gcc/arm-atollic-eabi/6.3.1/../../../../arm-atollic-eabi/lib/armv7e-m/fpu\libc_nano.a(lib_a-init.o)
 .ARM.attributes
                0x00000833       0x34 c:/program files (x86)/atollic/truestudio for stm32 9.3.0/armtools/bin/../lib/gcc/arm-atollic-eabi/6.3.1/../../../../arm-atollic-eabi/lib/armv7e-m/fpu\libc_nano.a(lib_a-memcpy-stub.o)
 .ARM.attributes
                0x00000867       0x34 c:/program files (x86)/atollic/truestudio for stm32 9.3.0/armtools/bin/../lib/gcc/arm-atollic-eabi/6.3.1/../../../../arm-atollic-eabi/lib/armv7e-m/fpu\libc_nano.a(lib_a-memset.o)
 .ARM.attributes
                0x0000089b       0x34 c:/program files (x86)/atollic/truestudio for stm32 9.3.0/armtools/bin/../lib/gcc/arm-atollic-eabi/6.3.1/../../../../arm-atollic-eabi/lib/armv7e-m/fpu\libc_nano.a(lib_a-sprintf.o)
 .ARM.attributes
                0x000008cf       0x34 c:/program files (x86)/atollic/truestudio for stm32 9.3.0/armtools/bin/../lib/gcc/arm-atollic-eabi/6.3.1/../../../../arm-atollic-eabi/lib/armv7e-m/fpu\libc_nano.a(lib_a-nano-svfprintf.o)
 .ARM.attributes
                0x00000903       0x34 c:/program files (x86)/atollic/truestudio for stm32 9.3.0/armtools/bin/../lib/gcc/arm-atollic-eabi/6.3.1/../../../../arm-atollic-eabi/lib/armv7e-m/fpu\libc_nano.a(lib_a-nano-vfprintf_i.o)
 .ARM.attributes
                0x00000937       0x20 c:/program files (x86)/atollic/truestudio for stm32 9.3.0/armtools/bin/../lib/gcc/arm-atollic-eabi/6.3.1/../../../../arm-atollic-eabi/lib/armv7e-m/fpu\libc_nano.a(lib_a-memchr.o)
 .ARM.attributes
                0x00000957       0x34 c:/program files (x86)/atollic/truestudio for stm32 9.3.0/armtools/bin/../lib/gcc/arm-atollic-eabi/6.3.1/../../../../arm-atollic-eabi/lib/armv7e-m/fpu\libc_nano.a(lib_a-memmove.o)
 .ARM.attributes
                0x0000098b       0x34 c:/program files (x86)/atollic/truestudio for stm32 9.3.0/armtools/bin/../lib/gcc/arm-atollic-eabi/6.3.1/../../../../arm-atollic-eabi/lib/armv7e-m/fpu\libc_nano.a(lib_a-nano-freer.o)
 .ARM.attributes
                0x000009bf       0x34 c:/program files (x86)/atollic/truestudio for stm32 9.3.0/armtools/bin/../lib/gcc/arm-atollic-eabi/6.3.1/../../../../arm-atollic-eabi/lib/armv7e-m/fpu\libc_nano.a(lib_a-nano-mallocr.o)
 .ARM.attributes
                0x000009f3       0x34 c:/program files (x86)/atollic/truestudio for stm32 9.3.0/armtools/bin/../lib/gcc/arm-atollic-eabi/6.3.1/../../../../arm-atollic-eabi/lib/armv7e-m/fpu\libc_nano.a(lib_a-nano-reallocr.o)
 .ARM.attributes
                0x00000a27       0x34 c:/program files (x86)/atollic/truestudio for stm32 9.3.0/armtools/bin/../lib/gcc/arm-atollic-eabi/6.3.1/../../../../arm-atollic-eabi/lib/armv7e-m/fpu\libc_nano.a(lib_a-sbrkr.o)
 .ARM.attributes
                0x00000a5b       0x34 c:/program files (x86)/atollic/truestudio for stm32 9.3.0/armtools/bin/../lib/gcc/arm-atollic-eabi/6.3.1/../../../../arm-atollic-eabi/lib/armv7e-m/fpu\libc_nano.a(lib_a-mlock.o)
 .ARM.attributes
                0x00000a8f       0x34 c:/program files (x86)/atollic/truestudio for stm32 9.3.0/armtools/bin/../lib/gcc/arm-atollic-eabi/6.3.1/../../../../arm-atollic-eabi/lib/armv7e-m/fpu\libc_nano.a(lib_a-nano-msizer.o)
 .ARM.attributes
                0x00000ac3       0x34 c:/program files (x86)/atollic/truestudio for stm32 9.3.0/armtools/bin/../lib/gcc/arm-atollic-eabi/6.3.1/../../../../arm-atollic-eabi/lib/armv7e-m/fpu\libc_nano.a(lib_a-reent.o)
 .ARM.attributes
                0x00000af7       0x22 c:/program files (x86)/atollic/truestudio for stm32 9.3.0/armtools/bin/../lib/gcc/arm-atollic-eabi/6.3.1/armv7e-m/fpu\libgcc.a(_aeabi_uldivmod.o)
 .ARM.attributes
                0x00000b19       0x34 c:/program files (x86)/atollic/truestudio for stm32 9.3.0/armtools/bin/../lib/gcc/arm-atollic-eabi/6.3.1/armv7e-m/fpu\libgcc.a(_udivmoddi4.o)
 .ARM.attributes
                0x00000b4d       0x22 c:/program files (x86)/atollic/truestudio for stm32 9.3.0/armtools/bin/../lib/gcc/arm-atollic-eabi/6.3.1/armv7e-m/fpu\libgcc.a(_dvmd_tls.o)
 .ARM.attributes
                0x00000b6f       0x22 c:/program files (x86)/atollic/truestudio for stm32 9.3.0/armtools/bin/../lib/gcc/arm-atollic-eabi/6.3.1/armv7e-m/fpu/crtn.o
OUTPUT(Home_Task.elf elf32-littlearm)

.debug_line     0x00000000    0x10d07
 .debug_line    0x00000000       0x79 Application\TrueSTUDIO\startup_stm32l452xx.o
 .debug_line    0x00000079      0x3d7 Application\TrueSTUDIO\syscalls.o
 .debug_line    0x00000450      0x2c1 Application\User\app_x-cube-mems1.o
 .debug_line    0x00000711      0x745 Application\User\main.o
 .debug_line    0x00000e56      0x2a4 Application\User\stm32l4xx_hal_msp.o
 .debug_line    0x000010fa      0x2b0 Application\User\stm32l4xx_hal_timebase_tim.o
 .debug_line    0x000013aa      0x2cb Application\User\stm32l4xx_it.o
 .debug_line    0x00001675      0x3c0 Application\User\stm32l4xx_nucleo_bus.o
 .debug_line    0x00001a35      0x8c8 Drivers\BSP\Components\lis2dw12.o
 .debug_line    0x000022fd      0xce9 Drivers\BSP\Components\lis2dw12_reg.o
 .debug_line    0x00002fe6      0x48b Drivers\BSP\Components\lis2mdl.o
 .debug_line    0x00003471      0x665 Drivers\BSP\Components\lis2mdl_reg.o
 .debug_line    0x00003ad6      0xf63 Drivers\BSP\Components\lsm6dso.o
 .debug_line    0x00004a39     0x22c6 Drivers\BSP\Components\lsm6dso_reg.o
 .debug_line    0x00006cff      0x721 Drivers\BSP\IKS01A3\iks01a3_motion_sensors.o
 .debug_line    0x00007420      0x271 Drivers\CMSIS\system_stm32l4xx.o
 .debug_line    0x00007691      0x4db Drivers\STM32L4xx_HAL_Driver\stm32l4xx_hal.o
 .debug_line    0x00007b6c      0x59b Drivers\STM32L4xx_HAL_Driver\stm32l4xx_hal_cortex.o
 .debug_line    0x00008107      0x3e6 Drivers\STM32L4xx_HAL_Driver\stm32l4xx_hal_gpio.o
 .debug_line    0x000084ed     0x15ef Drivers\STM32L4xx_HAL_Driver\stm32l4xx_hal_i2c.o
 .debug_line    0x00009adc      0x3ae Drivers\STM32L4xx_HAL_Driver\stm32l4xx_hal_i2c_ex.o
 .debug_line    0x00009e8a      0x57f Drivers\STM32L4xx_HAL_Driver\stm32l4xx_hal_pwr_ex.o
 .debug_line    0x0000a409      0x58e Drivers\STM32L4xx_HAL_Driver\stm32l4xx_hal_rcc.o
 .debug_line    0x0000a997      0x838 Drivers\STM32L4xx_HAL_Driver\stm32l4xx_hal_rcc_ex.o
 .debug_line    0x0000b1cf     0x15e7 Drivers\STM32L4xx_HAL_Driver\stm32l4xx_hal_tim.o
 .debug_line    0x0000c7b6      0x96c Drivers\STM32L4xx_HAL_Driver\stm32l4xx_hal_tim_ex.o
 .debug_line    0x0000d122      0xd67 Drivers\STM32L4xx_HAL_Driver\stm32l4xx_hal_uart.o
 .debug_line    0x0000de89      0x951 Middlewares\FreeRTOS\cmsis_os.o
 .debug_line    0x0000e7da      0x413 Middlewares\FreeRTOS\heap_4.o
 .debug_line    0x0000ebed      0x37a Middlewares\FreeRTOS\list.o
 .debug_line    0x0000ef67      0x3ec Middlewares\FreeRTOS\port.o
 .debug_line    0x0000f353      0xb86 Middlewares\FreeRTOS\queue.o
 .debug_line    0x0000fed9      0xe2e Middlewares\FreeRTOS\tasks.o

.debug_info     0x00000000    0x396e1
 .debug_info    0x00000000       0x83 Application\TrueSTUDIO\startup_stm32l452xx.o
 .debug_info    0x00000083      0xf16 Application\TrueSTUDIO\syscalls.o
 .debug_info    0x00000f99      0xab3 Application\User\app_x-cube-mems1.o
 .debug_info    0x00001a4c     0x2e1d Application\User\main.o
 .debug_info    0x00004869      0xd5e Application\User\stm32l4xx_hal_msp.o
 .debug_info    0x000055c7      0xc58 Application\User\stm32l4xx_hal_timebase_tim.o
 .debug_info    0x0000621f      0x7bc Application\User\stm32l4xx_it.o
 .debug_info    0x000069db      0xe6f Application\User\stm32l4xx_nucleo_bus.o
 .debug_info    0x0000784a     0x218c Drivers\BSP\Components\lis2dw12.o
 .debug_info    0x000099d6     0x3e1d Drivers\BSP\Components\lis2dw12_reg.o
 .debug_info    0x0000d7f3     0x1489 Drivers\BSP\Components\lis2mdl.o
 .debug_info    0x0000ec7c     0x1dbd Drivers\BSP\Components\lis2mdl_reg.o
 .debug_info    0x00010a39     0x68d4 Drivers\BSP\Components\lsm6dso.o
 .debug_info    0x0001730d     0xb6a6 Drivers\BSP\Components\lsm6dso_reg.o
 .debug_info    0x000229b3     0x26fe Drivers\BSP\IKS01A3\iks01a3_motion_sensors.o
 .debug_info    0x000250b1      0x70f Drivers\CMSIS\system_stm32l4xx.o
 .debug_info    0x000257c0      0xc6d Drivers\STM32L4xx_HAL_Driver\stm32l4xx_hal.o
 .debug_info    0x0002642d      0xef2 Drivers\STM32L4xx_HAL_Driver\stm32l4xx_hal_cortex.o
 .debug_info    0x0002731f      0x98d Drivers\STM32L4xx_HAL_Driver\stm32l4xx_hal_gpio.o
 .debug_info    0x00027cac     0x2057 Drivers\STM32L4xx_HAL_Driver\stm32l4xx_hal_i2c.o
 .debug_info    0x00029d03      0xb57 Drivers\STM32L4xx_HAL_Driver\stm32l4xx_hal_i2c_ex.o
 .debug_info    0x0002a85a      0xa7f Drivers\STM32L4xx_HAL_Driver\stm32l4xx_hal_pwr_ex.o
 .debug_info    0x0002b2d9      0xcb8 Drivers\STM32L4xx_HAL_Driver\stm32l4xx_hal_rcc.o
 .debug_info    0x0002bf91     0x1015 Drivers\STM32L4xx_HAL_Driver\stm32l4xx_hal_rcc_ex.o
 .debug_info    0x0002cfa6     0x2667 Drivers\STM32L4xx_HAL_Driver\stm32l4xx_hal_tim.o
 .debug_info    0x0002f60d     0x13d3 Drivers\STM32L4xx_HAL_Driver\stm32l4xx_hal_tim_ex.o
 .debug_info    0x000309e0     0x178c Drivers\STM32L4xx_HAL_Driver\stm32l4xx_hal_uart.o
 .debug_info    0x0003216c     0x1af2 Middlewares\FreeRTOS\cmsis_os.o
 .debug_info    0x00033c5e      0xbed Middlewares\FreeRTOS\heap_4.o
 .debug_info    0x0003484b      0xac8 Middlewares\FreeRTOS\list.o
 .debug_info    0x00035313      0x536 Middlewares\FreeRTOS\port.o
 .debug_info    0x00035849     0x1c19 Middlewares\FreeRTOS\queue.o
 .debug_info    0x00037462     0x227f Middlewares\FreeRTOS\tasks.o

.debug_abbrev   0x00000000     0x491c
 .debug_abbrev  0x00000000       0x12 Application\TrueSTUDIO\startup_stm32l452xx.o
 .debug_abbrev  0x00000012      0x271 Application\TrueSTUDIO\syscalls.o
 .debug_abbrev  0x00000283      0x190 Application\User\app_x-cube-mems1.o
 .debug_abbrev  0x00000413      0x2b1 Application\User\main.o
 .debug_abbrev  0x000006c4      0x190 Application\User\stm32l4xx_hal_msp.o
 .debug_abbrev  0x00000854      0x196 Application\User\stm32l4xx_hal_timebase_tim.o
 .debug_abbrev  0x000009ea      0x153 Application\User\stm32l4xx_it.o
 .debug_abbrev  0x00000b3d      0x211 Application\User\stm32l4xx_nucleo_bus.o
 .debug_abbrev  0x00000d4e      0x2f4 Drivers\BSP\Components\lis2dw12.o
 .debug_abbrev  0x00001042      0x2c1 Drivers\BSP\Components\lis2dw12_reg.o
 .debug_abbrev  0x00001303      0x2ac Drivers\BSP\Components\lis2mdl.o
 .debug_abbrev  0x000015af      0x26c Drivers\BSP\Components\lis2mdl_reg.o
 .debug_abbrev  0x0000181b      0x323 Drivers\BSP\Components\lsm6dso.o
 .debug_abbrev  0x00001b3e      0x2b2 Drivers\BSP\Components\lsm6dso_reg.o
 .debug_abbrev  0x00001df0      0x297 Drivers\BSP\IKS01A3\iks01a3_motion_sensors.o
 .debug_abbrev  0x00002087      0x14b Drivers\CMSIS\system_stm32l4xx.o
 .debug_abbrev  0x000021d2      0x1f6 Drivers\STM32L4xx_HAL_Driver\stm32l4xx_hal.o
 .debug_abbrev  0x000023c8      0x2f5 Drivers\STM32L4xx_HAL_Driver\stm32l4xx_hal_cortex.o
 .debug_abbrev  0x000026bd      0x1bb Drivers\STM32L4xx_HAL_Driver\stm32l4xx_hal_gpio.o
 .debug_abbrev  0x00002878      0x225 Drivers\STM32L4xx_HAL_Driver\stm32l4xx_hal_i2c.o
 .debug_abbrev  0x00002a9d      0x1b4 Drivers\STM32L4xx_HAL_Driver\stm32l4xx_hal_i2c_ex.o
 .debug_abbrev  0x00002c51      0x1c6 Drivers\STM32L4xx_HAL_Driver\stm32l4xx_hal_pwr_ex.o
 .debug_abbrev  0x00002e17      0x240 Drivers\STM32L4xx_HAL_Driver\stm32l4xx_hal_rcc.o
 .debug_abbrev  0x00003057      0x233 Drivers\STM32L4xx_HAL_Driver\stm32l4xx_hal_rcc_ex.o
 .debug_abbrev  0x0000328a      0x229 Drivers\STM32L4xx_HAL_Driver\stm32l4xx_hal_tim.o
 .debug_abbrev  0x000034b3      0x217 Drivers\STM32L4xx_HAL_Driver\stm32l4xx_hal_tim_ex.o
 .debug_abbrev  0x000036ca      0x200 Drivers\STM32L4xx_HAL_Driver\stm32l4xx_hal_uart.o
 .debug_abbrev  0x000038ca      0x374 Middlewares\FreeRTOS\cmsis_os.o
 .debug_abbrev  0x00003c3e      0x29b Middlewares\FreeRTOS\heap_4.o
 .debug_abbrev  0x00003ed9      0x1cc Middlewares\FreeRTOS\list.o
 .debug_abbrev  0x000040a5      0x20d Middlewares\FreeRTOS\port.o
 .debug_abbrev  0x000042b2      0x337 Middlewares\FreeRTOS\queue.o
 .debug_abbrev  0x000045e9      0x333 Middlewares\FreeRTOS\tasks.o

.debug_aranges  0x00000000     0x2cc8
 .debug_aranges
                0x00000000       0x28 Application\TrueSTUDIO\startup_stm32l452xx.o
 .debug_aranges
                0x00000028       0xb0 Application\TrueSTUDIO\syscalls.o
 .debug_aranges
                0x000000d8       0x28 Application\User\app_x-cube-mems1.o
 .debug_aranges
                0x00000100       0x68 Application\User\main.o
 .debug_aranges
                0x00000168       0x30 Application\User\stm32l4xx_hal_msp.o
 .debug_aranges
                0x00000198       0x30 Application\User\stm32l4xx_hal_timebase_tim.o
 .debug_aranges
                0x000001c8       0x50 Application\User\stm32l4xx_it.o
 .debug_aranges
                0x00000218       0x80 Application\User\stm32l4xx_nucleo_bus.o
 .debug_aranges
                0x00000298      0x190 Drivers\BSP\Components\lis2dw12.o
 .debug_aranges
                0x00000428      0x3c8 Drivers\BSP\Components\lis2dw12_reg.o
 .debug_aranges
                0x000007f0       0xd0 Drivers\BSP\Components\lis2mdl.o
 .debug_aranges
                0x000008c0      0x1a0 Drivers\BSP\Components\lis2mdl_reg.o
 .debug_aranges
                0x00000a60      0x2e0 Drivers\BSP\Components\lsm6dso.o
 .debug_aranges
                0x00000d40      0xa20 Drivers\BSP\Components\lsm6dso_reg.o
 .debug_aranges
                0x00001760       0x98 Drivers\BSP\IKS01A3\iks01a3_motion_sensors.o
 .debug_aranges
                0x000017f8       0x28 Drivers\CMSIS\system_stm32l4xx.o
 .debug_aranges
                0x00001820      0x130 Drivers\STM32L4xx_HAL_Driver\stm32l4xx_hal.o
 .debug_aranges
                0x00001950      0x118 Drivers\STM32L4xx_HAL_Driver\stm32l4xx_hal_cortex.o
 .debug_aranges
                0x00001a68       0x58 Drivers\STM32L4xx_HAL_Driver\stm32l4xx_hal_gpio.o
 .debug_aranges
                0x00001ac0      0x288 Drivers\STM32L4xx_HAL_Driver\stm32l4xx_hal_i2c.o
 .debug_aranges
                0x00001d48       0x48 Drivers\STM32L4xx_HAL_Driver\stm32l4xx_hal_i2c_ex.o
 .debug_aranges
                0x00001d90      0x120 Drivers\STM32L4xx_HAL_Driver\stm32l4xx_hal_pwr_ex.o
 .debug_aranges
                0x00001eb0       0x88 Drivers\STM32L4xx_HAL_Driver\stm32l4xx_hal_rcc.o
 .debug_aranges
                0x00001f38       0xf0 Drivers\STM32L4xx_HAL_Driver\stm32l4xx_hal_rcc_ex.o
 .debug_aranges
                0x00002028      0x3b8 Drivers\STM32L4xx_HAL_Driver\stm32l4xx_hal_tim.o
 .debug_aranges
                0x000023e0      0x168 Drivers\STM32L4xx_HAL_Driver\stm32l4xx_hal_tim_ex.o
 .debug_aranges
                0x00002548      0x1f8 Drivers\STM32L4xx_HAL_Driver\stm32l4xx_hal_uart.o
 .debug_aranges
                0x00002740      0x1d8 Middlewares\FreeRTOS\cmsis_os.o
 .debug_aranges
                0x00002918       0x50 Middlewares\FreeRTOS\heap_4.o
 .debug_aranges
                0x00002968       0x40 Middlewares\FreeRTOS\list.o
 .debug_aranges
                0x000029a8       0x80 Middlewares\FreeRTOS\port.o
 .debug_aranges
                0x00002a28       0xf8 Middlewares\FreeRTOS\queue.o
 .debug_aranges
                0x00002b20      0x1a8 Middlewares\FreeRTOS\tasks.o

.debug_ranges   0x00000000     0x2ac0
 .debug_ranges  0x00000000       0x20 Application\TrueSTUDIO\startup_stm32l452xx.o
 .debug_ranges  0x00000020       0xa0 Application\TrueSTUDIO\syscalls.o
 .debug_ranges  0x000000c0       0x18 Application\User\app_x-cube-mems1.o
 .debug_ranges  0x000000d8       0x58 Application\User\main.o
 .debug_ranges  0x00000130       0x20 Application\User\stm32l4xx_hal_msp.o
 .debug_ranges  0x00000150       0x20 Application\User\stm32l4xx_hal_timebase_tim.o
 .debug_ranges  0x00000170       0x40 Application\User\stm32l4xx_it.o
 .debug_ranges  0x000001b0       0x70 Application\User\stm32l4xx_nucleo_bus.o
 .debug_ranges  0x00000220      0x180 Drivers\BSP\Components\lis2dw12.o
 .debug_ranges  0x000003a0      0x3b8 Drivers\BSP\Components\lis2dw12_reg.o
 .debug_ranges  0x00000758       0xc0 Drivers\BSP\Components\lis2mdl.o
 .debug_ranges  0x00000818      0x190 Drivers\BSP\Components\lis2mdl_reg.o
 .debug_ranges  0x000009a8      0x2d0 Drivers\BSP\Components\lsm6dso.o
 .debug_ranges  0x00000c78      0xa10 Drivers\BSP\Components\lsm6dso_reg.o
 .debug_ranges  0x00001688       0x88 Drivers\BSP\IKS01A3\iks01a3_motion_sensors.o
 .debug_ranges  0x00001710       0x18 Drivers\CMSIS\system_stm32l4xx.o
 .debug_ranges  0x00001728      0x120 Drivers\STM32L4xx_HAL_Driver\stm32l4xx_hal.o
 .debug_ranges  0x00001848      0x108 Drivers\STM32L4xx_HAL_Driver\stm32l4xx_hal_cortex.o
 .debug_ranges  0x00001950       0x48 Drivers\STM32L4xx_HAL_Driver\stm32l4xx_hal_gpio.o
 .debug_ranges  0x00001998      0x278 Drivers\STM32L4xx_HAL_Driver\stm32l4xx_hal_i2c.o
 .debug_ranges  0x00001c10       0x38 Drivers\STM32L4xx_HAL_Driver\stm32l4xx_hal_i2c_ex.o
 .debug_ranges  0x00001c48      0x110 Drivers\STM32L4xx_HAL_Driver\stm32l4xx_hal_pwr_ex.o
 .debug_ranges  0x00001d58       0x78 Drivers\STM32L4xx_HAL_Driver\stm32l4xx_hal_rcc.o
 .debug_ranges  0x00001dd0       0xe0 Drivers\STM32L4xx_HAL_Driver\stm32l4xx_hal_rcc_ex.o
 .debug_ranges  0x00001eb0      0x3a8 Drivers\STM32L4xx_HAL_Driver\stm32l4xx_hal_tim.o
 .debug_ranges  0x00002258      0x158 Drivers\STM32L4xx_HAL_Driver\stm32l4xx_hal_tim_ex.o
 .debug_ranges  0x000023b0      0x1e8 Drivers\STM32L4xx_HAL_Driver\stm32l4xx_hal_uart.o
 .debug_ranges  0x00002598      0x1c8 Middlewares\FreeRTOS\cmsis_os.o
 .debug_ranges  0x00002760       0x40 Middlewares\FreeRTOS\heap_4.o
 .debug_ranges  0x000027a0       0x30 Middlewares\FreeRTOS\list.o
 .debug_ranges  0x000027d0       0x70 Middlewares\FreeRTOS\port.o
 .debug_ranges  0x00002840       0xe8 Middlewares\FreeRTOS\queue.o
 .debug_ranges  0x00002928      0x198 Middlewares\FreeRTOS\tasks.o

.debug_str      0x00000000    0x11618
 .debug_str     0x00000000      0x758 Application\TrueSTUDIO\syscalls.o
                                0x867 (size before relaxing)
 .debug_str     0x00000758      0x238 Application\User\app_x-cube-mems1.o
                                0x832 (size before relaxing)
 .debug_str     0x00000990     0x17b4 Application\User\main.o
                               0x216a (size before relaxing)
 .debug_str     0x00002144      0x48f Application\User\stm32l4xx_hal_msp.o
                                0xdc7 (size before relaxing)
 .debug_str     0x000025d3       0x99 Application\User\stm32l4xx_hal_timebase_tim.o
                                0xe5c (size before relaxing)
 .debug_str     0x0000266c       0x9a Application\User\stm32l4xx_it.o
                                0x83e (size before relaxing)
 .debug_str     0x00002706      0x115 Application\User\stm32l4xx_nucleo_bus.o