iks01a3_env_sensors_ex.c:85:9:IKS01A3_ENV_SENSOR_Get_DRDY_Status	32	static
iks01a3_env_sensors_ex.c:188:9:IKS01A3_ENV_SENSOR_Read_Register	32	static
iks01a3_env_sensors_ex.c:248:9:IKS01A3_ENV_SENSOR_Write_Register	24	static
iks01a3_env_sensors_ex.c:307:9:IKS01A3_ENV_SENSOR_Set_High_Temperature_Threshold	24	static
iks01a3_env_sensors_ex.c:352:9:IKS01A3_ENV_SENSOR_Set_Low_Temperature_Threshold	24	static
iks01a3_env_sensors_ex.c:399:9:IKS01A3_ENV_SENSOR_Get_Temperature_Limit_Status	32	static
iks01a3_env_sensors_ex.c:444:9:IKS01A3_ENV_SENSOR_Set_Event_Pin	24	static
iks01a3_env_sensors_ex.c:490:9:IKS01A3_ENV_SENSOR_FIFO_Get_Data	32	static
iks01a3_env_sensors_ex.c:535:9:IKS01A3_ENV_SENSOR_FIFO_Get_Fth_Status	24	static
iks01a3_env_sensors_ex.c:580:9:IKS01A3_ENV_SENSOR_FIFO_Get_Full_Status	24	static
iks01a3_env_sensors_ex.c:625:9:IKS01A3_ENV_SENSOR_FIFO_Get_Num_Samples	24	static
iks01a3_env_sensors_ex.c:670:9:IKS01A3_ENV_SENSOR_FIFO_Get_Ovr_Status	24	static
iks01a3_env_sensors_ex.c:715:9:IKS01A3_ENV_SENSOR_FIFO_Reset_Interrupt	24	static
iks01a3_env_sensors_ex.c:760:9:IKS01A3_ENV_SENSOR_FIFO_Set_Interrupt	24	static
iks01a3_env_sensors_ex.c:805:9:IKS01A3_ENV_SENSOR_FIFO_Set_Mode	24	static
iks01a3_env_sensors_ex.c:850:9:IKS01A3_ENV_SENSOR_FIFO_Set_Watermark_Level	24	static
iks01a3_env_sensors_ex.c:895:9:IKS01A3_ENV_SENSOR_FIFO_Stop_On_Watermark	24	static
iks01a3_env_sensors_ex.c:939:9:IKS01A3_ENV_SENSOR_Set_One_Shot	24	static
iks01a3_env_sensors_ex.c:998:9:IKS01A3_ENV_SENSOR_Get_One_Shot_Status	24	static
