iks01a3_motion_sensors_ex.c:85:9:IKS01A3_MOTION_SENSOR_Get_DRDY_Status	32	static
iks01a3_motion_sensors_ex.c:177:9:IKS01A3_MOTION_SENSOR_Read_Register	32	static
iks01a3_motion_sensors_ex.c:237:9:IKS01A3_MOTION_SENSOR_Write_Register	24	static
iks01a3_motion_sensors_ex.c:296:9:IKS01A3_MOTION_SENSOR_Get_Event_Status	24	static
iks01a3_motion_sensors_ex.c:351:9:IKS01A3_MOTION_SENSOR_Enable_Free_Fall_Detection	24	static
iks01a3_motion_sensors_ex.c:395:9:IKS01A3_MOTION_SENSOR_Disable_Free_Fall_Detection	24	static
iks01a3_motion_sensors_ex.c:440:9:IKS01A3_MOTION_SENSOR_Set_Free_Fall_Threshold	24	static
iks01a3_motion_sensors_ex.c:485:9:IKS01A3_MOTION_SENSOR_Set_Free_Fall_Duration	24	static
iks01a3_motion_sensors_ex.c:530:9:IKS01A3_MOTION_SENSOR_Enable_Pedometer	24	static
iks01a3_motion_sensors_ex.c:574:9:IKS01A3_MOTION_SENSOR_Disable_Pedometer	24	static
iks01a3_motion_sensors_ex.c:619:9:IKS01A3_MOTION_SENSOR_Reset_Step_Counter	24	static
iks01a3_motion_sensors_ex.c:664:9:IKS01A3_MOTION_SENSOR_Get_Step_Count	24	static
iks01a3_motion_sensors_ex.c:710:9:IKS01A3_MOTION_SENSOR_Enable_Tilt_Detection	24	static
iks01a3_motion_sensors_ex.c:754:9:IKS01A3_MOTION_SENSOR_Disable_Tilt_Detection	24	static
iks01a3_motion_sensors_ex.c:800:9:IKS01A3_MOTION_SENSOR_Enable_Wake_Up_Detection	24	static
iks01a3_motion_sensors_ex.c:852:9:IKS01A3_MOTION_SENSOR_Disable_Wake_Up_Detection	24	static
iks01a3_motion_sensors_ex.c:904:9:IKS01A3_MOTION_SENSOR_Set_Wake_Up_Threshold	24	static
iks01a3_motion_sensors_ex.c:956:9:IKS01A3_MOTION_SENSOR_Set_Wake_Up_Duration	24	static
iks01a3_motion_sensors_ex.c:1008:9:IKS01A3_MOTION_SENSOR_Enable_Inactivity_Detection	24	static
iks01a3_motion_sensors_ex.c:1053:9:IKS01A3_MOTION_SENSOR_Disable_Inactivity_Detection	24	static
iks01a3_motion_sensors_ex.c:1098:9:IKS01A3_MOTION_SENSOR_Set_Sleep_Duration	24	static
iks01a3_motion_sensors_ex.c:1144:9:IKS01A3_MOTION_SENSOR_Enable_Single_Tap_Detection	24	static
iks01a3_motion_sensors_ex.c:1188:9:IKS01A3_MOTION_SENSOR_Disable_Single_Tap_Detection	24	static
iks01a3_motion_sensors_ex.c:1234:9:IKS01A3_MOTION_SENSOR_Enable_Double_Tap_Detection	24	static
iks01a3_motion_sensors_ex.c:1278:9:IKS01A3_MOTION_SENSOR_Disable_Double_Tap_Detection	24	static
iks01a3_motion_sensors_ex.c:1323:9:IKS01A3_MOTION_SENSOR_Set_Tap_Threshold	24	static
iks01a3_motion_sensors_ex.c:1368:9:IKS01A3_MOTION_SENSOR_Set_Tap_Shock_Time	24	static
iks01a3_motion_sensors_ex.c:1413:9:IKS01A3_MOTION_SENSOR_Set_Tap_Quiet_Time	24	static
iks01a3_motion_sensors_ex.c:1458:9:IKS01A3_MOTION_SENSOR_Set_Tap_Duration_Time	24	static
iks01a3_motion_sensors_ex.c:1504:9:IKS01A3_MOTION_SENSOR_Enable_6D_Orientation	24	static
iks01a3_motion_sensors_ex.c:1556:9:IKS01A3_MOTION_SENSOR_Disable_6D_Orientation	24	static
iks01a3_motion_sensors_ex.c:1608:9:IKS01A3_MOTION_SENSOR_Set_6D_Orientation_Threshold	24	static
iks01a3_motion_sensors_ex.c:1660:9:IKS01A3_MOTION_SENSOR_Get_6D_Orientation_XL	24	static
iks01a3_motion_sensors_ex.c:1712:9:IKS01A3_MOTION_SENSOR_Get_6D_Orientation_XH	24	static
iks01a3_motion_sensors_ex.c:1764:9:IKS01A3_MOTION_SENSOR_Get_6D_Orientation_YL	24	static
iks01a3_motion_sensors_ex.c:1816:9:IKS01A3_MOTION_SENSOR_Get_6D_Orientation_YH	24	static
iks01a3_motion_sensors_ex.c:1868:9:IKS01A3_MOTION_SENSOR_Get_6D_Orientation_ZL	24	static
iks01a3_motion_sensors_ex.c:1920:9:IKS01A3_MOTION_SENSOR_Get_6D_Orientation_ZH	24	static
iks01a3_motion_sensors_ex.c:1972:9:IKS01A3_MOTION_SENSOR_FIFO_Get_Num_Samples	24	static
iks01a3_motion_sensors_ex.c:2024:9:IKS01A3_MOTION_SENSOR_FIFO_Get_Full_Status	24	static
iks01a3_motion_sensors_ex.c:2071:9:IKS01A3_MOTION_SENSOR_FIFO_Set_BDR	32	static
iks01a3_motion_sensors_ex.c:2134:9:IKS01A3_MOTION_SENSOR_FIFO_Set_INT1_FIFO_Full	24	static
iks01a3_motion_sensors_ex.c:2179:9:IKS01A3_MOTION_SENSOR_FIFO_Set_Watermark_Level	24	static
iks01a3_motion_sensors_ex.c:2224:9:IKS01A3_MOTION_SENSOR_FIFO_Set_Stop_On_Fth	24	static
iks01a3_motion_sensors_ex.c:2269:9:IKS01A3_MOTION_SENSOR_FIFO_Set_Mode	24	static
iks01a3_motion_sensors_ex.c:2321:9:IKS01A3_MOTION_SENSOR_FIFO_Get_Tag	24	static
iks01a3_motion_sensors_ex.c:2368:9:IKS01A3_MOTION_SENSOR_FIFO_Get_Axes	32	static
iks01a3_motion_sensors_ex.c:2439:9:IKS01A3_MOTION_SENSOR_Set_SelfTest	32	static
