iks01a3_motion_sensors.c:120:9:IKS01A3_MOTION_SENSOR_Init	64	static
iks01a3_motion_sensors.c:235:9:IKS01A3_MOTION_SENSOR_DeInit	24	static
iks01a3_motion_sensors.c:261:9:IKS01A3_MOTION_SENSOR_GetCapabilities	24	static
iks01a3_motion_sensors.c:287:9:IKS01A3_MOTION_SENSOR_ReadID	24	static
iks01a3_motion_sensors.c:316:9:IKS01A3_MOTION_SENSOR_Enable	24	static
iks01a3_motion_sensors.c:355:9:IKS01A3_MOTION_SENSOR_Disable	24	static
iks01a3_motion_sensors.c:395:9:IKS01A3_MOTION_SENSOR_GetAxes	32	static
iks01a3_motion_sensors.c:435:9:IKS01A3_MOTION_SENSOR_GetAxesRaw	32	static
iks01a3_motion_sensors.c:475:9:IKS01A3_MOTION_SENSOR_GetSensitivity	32	static
iks01a3_motion_sensors.c:516:9:IKS01A3_MOTION_SENSOR_GetOutputDataRate	32	static
iks01a3_motion_sensors.c:556:9:IKS01A3_MOTION_SENSOR_GetFullScale	32	static
iks01a3_motion_sensors.c:597:9:IKS01A3_MOTION_SENSOR_SetOutputDataRate	32	static
iks01a3_motion_sensors.c:637:9:IKS01A3_MOTION_SENSOR_SetFullScale	32	static
iks01a3_motion_sensors.c:681:16:LSM6DSO_0_Probe	80	static
iks01a3_motion_sensors.c:763:16:LIS2DW12_0_Probe	80	static
iks01a3_motion_sensors.c:836:16:LIS2MDL_0_Probe	80	static
