stm32l4xx_nucleo_bus.c:209:9:BSP_I2C1_Init	16	static
stm32l4xx_nucleo_bus.c:257:9:BSP_I2C1_DeInit	16	static
stm32l4xx_nucleo_bus.c:285:9:BSP_I2C1_IsReady	24	static
stm32l4xx_nucleo_bus.c:306:9:BSP_I2C1_WriteReg	48	static
stm32l4xx_nucleo_bus.c:332:10:BSP_I2C1_ReadReg	48	static
stm32l4xx_nucleo_bus.c:360:9:BSP_I2C1_WriteReg16	48	static
stm32l4xx_nucleo_bus.c:386:10:BSP_I2C1_ReadReg16	48	static
stm32l4xx_nucleo_bus.c:411:9:BSP_I2C1_Send	32	static
stm32l4xx_nucleo_bus.c:436:9:BSP_I2C1_Recv	32	static
stm32l4xx_nucleo_bus.c:511:9:BSP_GetTick	8	static
stm32l4xx_nucleo_bus.c:517:26:MX_I2C1_Init	24	static
stm32l4xx_nucleo_bus.c:547:13:I2C1_MspInit	48	static
stm32l4xx_nucleo_bus.c:573:13:I2C1_MspDeInit	16	static
